Archive member included to satisfy reference by file (symbol)

C:/ST/STM32CubeIDE_1.14.1/STM32CubeIDE/plugins/com.st.stm32cube.ide.mcu.externaltools.gnu-tools-for-stm32.11.3.rel1.win32_1.1.100.202309141235/tools/bin/../lib/gcc/arm-none-eabi/11.3.1/../../../../arm-none-eabi/lib/thumb/v7e-m+fp/hard\libc_nano.a(libc_a-exit.o)
                              C:/ST/STM32CubeIDE_1.14.1/STM32CubeIDE/plugins/com.st.stm32cube.ide.mcu.externaltools.gnu-tools-for-stm32.11.3.rel1.win32_1.1.100.202309141235/tools/bin/../lib/gcc/arm-none-eabi/11.3.1/../../../../arm-none-eabi/lib/thumb/v7e-m+fp/hard/crt0.o (exit)
C:/ST/STM32CubeIDE_1.14.1/STM32CubeIDE/plugins/com.st.stm32cube.ide.mcu.externaltools.gnu-tools-for-stm32.11.3.rel1.win32_1.1.100.202309141235/tools/bin/../lib/gcc/arm-none-eabi/11.3.1/../../../../arm-none-eabi/lib/thumb/v7e-m+fp/hard\libc_nano.a(libc_a-findfp.o)
                              C:/ST/STM32CubeIDE_1.14.1/STM32CubeIDE/plugins/com.st.stm32cube.ide.mcu.externaltools.gnu-tools-for-stm32.11.3.rel1.win32_1.1.100.202309141235/tools/bin/../lib/gcc/arm-none-eabi/11.3.1/../../../../arm-none-eabi/lib/thumb/v7e-m+fp/hard\libc_nano.a(libc_a-exit.o) (__stdio_exit_handler)
C:/ST/STM32CubeIDE_1.14.1/STM32CubeIDE/plugins/com.st.stm32cube.ide.mcu.externaltools.gnu-tools-for-stm32.11.3.rel1.win32_1.1.100.202309141235/tools/bin/../lib/gcc/arm-none-eabi/11.3.1/../../../../arm-none-eabi/lib/thumb/v7e-m+fp/hard\libc_nano.a(libc_a-fwalk.o)
                              C:/ST/STM32CubeIDE_1.14.1/STM32CubeIDE/plugins/com.st.stm32cube.ide.mcu.externaltools.gnu-tools-for-stm32.11.3.rel1.win32_1.1.100.202309141235/tools/bin/../lib/gcc/arm-none-eabi/11.3.1/../../../../arm-none-eabi/lib/thumb/v7e-m+fp/hard\libc_nano.a(libc_a-findfp.o) (_fwalk_sglue)
C:/ST/STM32CubeIDE_1.14.1/STM32CubeIDE/plugins/com.st.stm32cube.ide.mcu.externaltools.gnu-tools-for-stm32.11.3.rel1.win32_1.1.100.202309141235/tools/bin/../lib/gcc/arm-none-eabi/11.3.1/../../../../arm-none-eabi/lib/thumb/v7e-m+fp/hard\libc_nano.a(libc_a-stdio.o)
                              C:/ST/STM32CubeIDE_1.14.1/STM32CubeIDE/plugins/com.st.stm32cube.ide.mcu.externaltools.gnu-tools-for-stm32.11.3.rel1.win32_1.1.100.202309141235/tools/bin/../lib/gcc/arm-none-eabi/11.3.1/../../../../arm-none-eabi/lib/thumb/v7e-m+fp/hard\libc_nano.a(libc_a-findfp.o) (__sread)
C:/ST/STM32CubeIDE_1.14.1/STM32CubeIDE/plugins/com.st.stm32cube.ide.mcu.externaltools.gnu-tools-for-stm32.11.3.rel1.win32_1.1.100.202309141235/tools/bin/../lib/gcc/arm-none-eabi/11.3.1/../../../../arm-none-eabi/lib/thumb/v7e-m+fp/hard\libc_nano.a(libc_a-memset.o)
                              C:/ST/STM32CubeIDE_1.14.1/STM32CubeIDE/plugins/com.st.stm32cube.ide.mcu.externaltools.gnu-tools-for-stm32.11.3.rel1.win32_1.1.100.202309141235/tools/bin/../lib/gcc/arm-none-eabi/11.3.1/../../../../arm-none-eabi/lib/thumb/v7e-m+fp/hard/crt0.o (memset)
C:/ST/STM32CubeIDE_1.14.1/STM32CubeIDE/plugins/com.st.stm32cube.ide.mcu.externaltools.gnu-tools-for-stm32.11.3.rel1.win32_1.1.100.202309141235/tools/bin/../lib/gcc/arm-none-eabi/11.3.1/../../../../arm-none-eabi/lib/thumb/v7e-m+fp/hard\libc_nano.a(libc_a-closer.o)
                              C:/ST/STM32CubeIDE_1.14.1/STM32CubeIDE/plugins/com.st.stm32cube.ide.mcu.externaltools.gnu-tools-for-stm32.11.3.rel1.win32_1.1.100.202309141235/tools/bin/../lib/gcc/arm-none-eabi/11.3.1/../../../../arm-none-eabi/lib/thumb/v7e-m+fp/hard\libc_nano.a(libc_a-stdio.o) (_close_r)
C:/ST/STM32CubeIDE_1.14.1/STM32CubeIDE/plugins/com.st.stm32cube.ide.mcu.externaltools.gnu-tools-for-stm32.11.3.rel1.win32_1.1.100.202309141235/tools/bin/../lib/gcc/arm-none-eabi/11.3.1/../../../../arm-none-eabi/lib/thumb/v7e-m+fp/hard\libc_nano.a(libc_a-reent.o)
                              C:/ST/STM32CubeIDE_1.14.1/STM32CubeIDE/plugins/com.st.stm32cube.ide.mcu.externaltools.gnu-tools-for-stm32.11.3.rel1.win32_1.1.100.202309141235/tools/bin/../lib/gcc/arm-none-eabi/11.3.1/../../../../arm-none-eabi/lib/thumb/v7e-m+fp/hard\libc_nano.a(libc_a-closer.o) (errno)
C:/ST/STM32CubeIDE_1.14.1/STM32CubeIDE/plugins/com.st.stm32cube.ide.mcu.externaltools.gnu-tools-for-stm32.11.3.rel1.win32_1.1.100.202309141235/tools/bin/../lib/gcc/arm-none-eabi/11.3.1/../../../../arm-none-eabi/lib/thumb/v7e-m+fp/hard\libc_nano.a(libc_a-impure.o)
                              C:/ST/STM32CubeIDE_1.14.1/STM32CubeIDE/plugins/com.st.stm32cube.ide.mcu.externaltools.gnu-tools-for-stm32.11.3.rel1.win32_1.1.100.202309141235/tools/bin/../lib/gcc/arm-none-eabi/11.3.1/../../../../arm-none-eabi/lib/thumb/v7e-m+fp/hard\libc_nano.a(libc_a-reent.o) (_impure_ptr)
C:/ST/STM32CubeIDE_1.14.1/STM32CubeIDE/plugins/com.st.stm32cube.ide.mcu.externaltools.gnu-tools-for-stm32.11.3.rel1.win32_1.1.100.202309141235/tools/bin/../lib/gcc/arm-none-eabi/11.3.1/../../../../arm-none-eabi/lib/thumb/v7e-m+fp/hard\libc_nano.a(libc_a-lseekr.o)
[...]
Memory Configuration

Name             Origin             Length             Attributes
RAM              0x0000000020000000 0x0000000000010000 xrw
FLASH            0x0000000008000000 0x0000000000040000 xr
*default*        0x0000000000000000 0xffffffffffffffff

Linker script and memory map

LOAD C:/ST/STM32CubeIDE_1.14.1/STM32CubeIDE/plugins/com.st.stm32cube.ide.mcu.externaltools.gnu-tools-for-stm32.11.3.rel1.win32_1.1.100.202309141235/tools/bin/../lib/gcc/arm-none-eabi/11.3.1/thumb/v7e-m+fp/hard/crti.o
LOAD C:/ST/STM32CubeIDE_1.14.1/STM32CubeIDE/plugins/com.st.stm32cube.ide.mcu.externaltools.gnu-tools-for-stm32.11.3.rel1.win32_1.1.100.202309141235/tools/bin/../lib/gcc/arm-none-eabi/11.3.1/thumb/v7e-m+fp/hard/crtbegin.o
LOAD C:/ST/STM32CubeIDE_1.14.1/STM32CubeIDE/plugins/com.st.stm32cube.ide.mcu.externaltools.gnu-tools-for-stm32.11.3.rel1.win32_1.1.100.202309141235/tools/bin/../lib/gcc/arm-none-eabi/11.3.1/../../../../arm-none-eabi/lib/thumb/v7e-m+fp/hard/crt0.o
LOAD ./Core/Src/main.o
LOAD ./Core/Src/stm32f4xx_hal_msp.o
LOAD ./Core/Src/stm32f4xx_it.o
LOAD ./Core/Src/syscalls.o
LOAD ./Core/Src/sysmem.o
LOAD ./Core/Src/system_stm32f4xx.o
LOAD ./Core/Startup/startup_stm32f401ccux.o
LOAD ./Drivers/STM32F4xx_HAL_Driver/Src/stm32f4xx_hal.o
LOAD ./Drivers/STM32F4xx_HAL_Driver/Src/stm32f4xx_hal_adc.o
LOAD ./Drivers/STM32F4xx_HAL_Driver/Src/stm32f4xx_hal_adc_ex.o
LOAD ./Drivers/STM32F4xx_HAL_Driver/Src/stm32f4xx_hal_cortex.o
LOAD ./Drivers/STM32F4xx_HAL_Driver/Src/stm32f4xx_hal_dma.o
LOAD ./Drivers/STM32F4xx_HAL_Driver/Src/stm32f4xx_hal_dma_ex.o
LOAD ./Drivers/STM32F4xx_HAL_Driver/Src/stm32f4xx_hal_exti.o
LOAD ./Drivers/STM32F4xx_HAL_Driver/Src/stm32f4xx_hal_flash.o
LOAD ./Drivers/STM32F4xx_HAL_Driver/Src/stm32f4xx_hal_flash_ex.o
LOAD ./Drivers/STM32F4xx_HAL_Driver/Src/stm32f4xx_hal_flash_ramfunc.o
LOAD ./Drivers/STM32F4xx_HAL_Driver/Src/stm32f4xx_hal_gpio.o
LOAD ./Drivers/STM32F4xx_HAL_Driver/Src/stm32f4xx_hal_pcd.o
LOAD ./Drivers/STM32F4xx_HAL_Driver/Src/stm32f4xx_hal_pcd_ex.o
LOAD ./Drivers/STM32F4xx_HAL_Driver/Src/stm32f4xx_hal_pwr.o
LOAD ./Drivers/STM32F4xx_HAL_Driver/Src/stm32f4xx_hal_pwr_ex.o
LOAD ./Drivers/STM32F4xx_HAL_Driver/Src/stm32f4xx_hal_rcc.o
LOAD ./Drivers/STM32F4xx_HAL_Driver/Src/stm32f4xx_hal_rcc_ex.o
LOAD ./Drivers/STM32F4xx_HAL_Driver/Src/stm32f4xx_hal_tim.o
LOAD ./Drivers/STM32F4xx_HAL_Driver/Src/stm32f4xx_hal_tim_ex.o
LOAD ./Drivers/STM32F4xx_HAL_Driver/Src/stm32f4xx_hal_uart.o
LOAD ./Drivers/STM32F4xx_HAL_Driver/Src/stm32f4xx_ll_adc.o
LOAD ./Drivers/STM32F4xx_HAL_Driver/Src/stm32f4xx_ll_usb.o
LOAD ./Middlewares/ST/STM32_USB_Device_Library/Class/CDC/Src/usbd_cdc.o
LOAD ./Middlewares/ST/STM32_USB_Device_Library/Core/Src/usbd_core.o
LOAD ./Middlewares/ST/STM32_USB_Device_Library/Core/Src/usbd_ctlreq.o
LOAD ./Middlewares/ST/STM32_USB_Device_Library/Core/Src/usbd_ioreq.o
LOAD ./USB_DEVICE/App/usb_device.o
LOAD ./USB_DEVICE/App/usbd_cdc_if.o
LOAD ./USB_DEVICE/App/usbd_desc.o
LOAD ./USB_DEVICE/Target/usbd_conf.o
START GROUP
LOAD C:/ST/STM32CubeIDE_1.14.1/STM32CubeIDE/plugins/com.st.stm32cube.ide.mcu.externaltools.gnu-tools-for-stm32.11.3.rel1.win32_1.1.100.202309141235/tools/bin/../lib/gcc/arm-none-eabi/11.3.1/../../../../arm-none-eabi/lib/thumb/v7e-m+fp/hard\libc_nano.a
LOAD C:/ST/STM32CubeIDE_1.14.1/STM32CubeIDE/plugins/com.st.stm32cube.ide.mcu.externaltools.gnu-tools-for-stm32.11.3.rel1.win32_1.1.100.202309141235/tools/bin/../lib/gcc/arm-none-eabi/11.3.1/../../../../arm-none-eabi/lib/thumb/v7e-m+fp/hard\libm.a
END GROUP
START GROUP
LOAD C:/ST/STM32CubeIDE_1.14.1/STM32CubeIDE/plugins/com.st.stm32cube.ide.mcu.externaltools.gnu-tools-for-stm32.11.3.rel1.win32_1.1.100.202309141235/tools/bin/../lib/gcc/arm-none-eabi/11.3.1/thumb/v7e-m+fp/hard\libgcc.a
LOAD C:/ST/STM32CubeIDE_1.14.1/STM32CubeIDE/plugins/com.st.stm32cube.ide.mcu.externaltools.gnu-tools-for-stm32.11.3.rel1.win32_1.1.100.202309141235/tools/bin/../lib/gcc/arm-none-eabi/11.3.1/../../../../arm-none-eabi/lib/thumb/v7e-m+fp/hard\libc_nano.a
END GROUP
START GROUP
LOAD C:/ST/STM32CubeIDE_1.14.1/STM32CubeIDE/plugins/com.st.stm32cube.ide.mcu.externaltools.gnu-tools-for-stm32.11.3.rel1.win32_1.1.100.202309141235/tools/bin/../lib/gcc/arm-none-eabi/11.3.1/thumb/v7e-m+fp/hard\libgcc.a
LOAD C:/ST/STM32CubeIDE_1.14.1/STM32CubeIDE/plugins/com.st.stm32cube.ide.mcu.externaltools.gnu-tools-for-stm32.11.3.rel1.win32_1.1.100.202309141235/tools/bin/../lib/gcc/arm-none-eabi/11.3.1/../../../../arm-none-eabi/lib/thumb/v7e-m+fp/hard\libc_nano.a
LOAD C:/ST/STM32CubeIDE_1.14.1/STM32CubeIDE/plugins/com.st.stm32cube.ide.mcu.externaltools.gnu-tools-for-stm32.11.3.rel1.win32_1.1.100.202309141235/tools/bin/../lib/gcc/arm-none-eabi/11.3.1/../../../../arm-none-eabi/lib/thumb/v7e-m+fp/hard\libnosys.a
END GROUP
START GROUP
LOAD C:/ST/STM32CubeIDE_1.14.1/STM32CubeIDE/plugins/com.st.stm32cube.ide.mcu.externaltools.gnu-tools-for-stm32.11.3.rel1.win32_1.1.100.202309141235/tools/bin/../lib/gcc/arm-none-eabi/11.3.1/thumb/v7e-m+fp/hard\libgcc.a
LOAD C:/ST/STM32CubeIDE_1.14.1/STM32CubeIDE/plugins/com.st.stm32cube.ide.mcu.externaltools.gnu-tools-for-stm32.11.3.rel1.win32_1.1.100.202309141235/tools/bin/../lib/gcc/arm-none-eabi/11.3.1/../../../../arm-none-eabi/lib/thumb/v7e-m+fp/hard\libc_nano.a
LOAD C:/ST/STM32CubeIDE_1.14.1/STM32CubeIDE/plugins/com.st.stm32cube.ide.mcu.externaltools.gnu-tools-for-stm32.11.3.rel1.win32_1.1.100.202309141235/tools/bin/../lib/gcc/arm-none-eabi/11.3.1/../../../../arm-none-eabi/lib/thumb/v7e-m+fp/hard\libnosys.a
END GROUP
LOAD C:/ST/STM32CubeIDE_1.14.1/STM32CubeIDE/plugins/com.st.stm32cube.ide.mcu.externaltools.gnu-tools-for-stm32.11.3.rel1.win32_1.1.100.202309141235/tools/bin/../lib/gcc/arm-none-eabi/11.3.1/thumb/v7e-m+fp/hard/crtend.o
LOAD C:/ST/STM32CubeIDE_1.14.1/STM32CubeIDE/plugins/com.st.stm32cube.ide.mcu.externaltools.gnu-tools-for-stm32.11.3.rel1.win32_1.1.100.202309141235/tools/bin/../lib/gcc/arm-none-eabi/11.3.1/thumb/v7e-m+fp/hard/crtn.o
                0x0000000020010000                _estack = (ORIGIN (RAM) + LENGTH (RAM))
                0x0000000000000200                _Min_Heap_Size = 0x200
                0x0000000000000400                _Min_Stack_Size = 0x400

.isr_vector     0x0000000008000000      0x194
                0x0000000008000000                . = ALIGN (0x4)
 *(.isr_vector)
 .isr_vector    0x0000000008000000      0x194 ./Core/Startup/startup_stm32f401ccux.o
                0x0000000008000000                g_pfnVectors
                0x0000000008000194                . = ALIGN (0x4)

.text           0x0000000008000194     0xa708
                0x0000000008000194                . = ALIGN (0x4)
 *(.text)
 .text          0x0000000008000194       0x40 C:/ST/STM32CubeIDE_1.14.1/STM32CubeIDE/plugins/com.st.stm32cube.ide.mcu.externaltools.gnu-tools-for-stm32.11.3.rel1.win32_1.1.100.202309141235/tools/bin/../lib/gcc/arm-none-eabi/11.3.1/thumb/v7e-m+fp/hard/crtbegin.o
 .text          0x00000000080001d4       0x30 C:/ST/STM32CubeIDE_1.14.1/STM32CubeIDE/plugins/com.st.stm32cube.ide.mcu.externaltools.gnu-tools-for-stm32.11.3.rel1.win32_1.1.100.202309141235/tools/bin/../lib/gcc/arm-none-eabi/11.3.1/thumb/v7e-m+fp/hard\libgcc.a(_aeabi_uldivmod.o)
                0x00000000080001d4                __aeabi_uldivmod
 .text          0x0000000008000204      0x2c8 C:/ST/STM32CubeIDE_1.14.1/STM32CubeIDE/plugins/com.st.stm32cube.ide.mcu.externaltools.gnu-tools-for-stm32.11.3.rel1.win32_1.1.100.202309141235/tools/bin/../lib/gcc/arm-none-eabi/11.3.1/thumb/v7e-m+fp/hard\libgcc.a(_udivmoddi4.o)
                0x0000000008000204                __udivmoddi4
 .text          0x00000000080004cc        0x4 C:/ST/STM32CubeIDE_1.14.1/STM32CubeIDE/plugins/com.st.stm32cube.ide.mcu.externaltools.gnu-tools-for-stm32.11.3.rel1.win32_1.1.100.202309141235/tools/bin/../lib/gcc/arm-none-eabi/11.3.1/thumb/v7e-m+fp/hard\libgcc.a(_dvmd_tls.o)
                0x00000000080004cc                __aeabi_idiv0
                0x00000000080004cc                __aeabi_ldiv0
 *(.text*)
 .text.changeIntegrationTime
                0x00000000080004d0      0x318 ./Core/Src/main.o
                0x00000000080004d0                changeIntegrationTime
 .text.TIM2_IRQHandler
                0x00000000080007e8       0x14 ./Core/Src/main.o
                0x00000000080007e8                TIM2_IRQHandler
 .text.HAL_TIM_PeriodElapsedCallback
                0x00000000080007fc       0x48 ./Core/Src/main.o
                0x00000000080007fc                HAL_TIM_PeriodElapsedCallback
 .text.main     0x0000000008000844       0xb8 ./Core/Src/main.o
                0x0000000008000844                main
 .text.SystemClock_Config
                0x00000000080008fc       0xd8 ./Core/Src/main.o
                0x00000000080008fc                SystemClock_Config
 .text.MX_ADC1_Init
                0x00000000080009d4       0xa4 ./Core/Src/main.o
 .text.MX_TIM2_Init
                0x0000000008000a78      0x100 ./Core/Src/main.o
 .text.MX_TIM3_Init
                0x0000000008000b78       0xec ./Core/Src/main.o
 .text.MX_TIM4_Init
                0x0000000008000c64       0xe4 ./Core/Src/main.o
 .text.MX_TIM5_Init
                0x0000000008000d48      0x11c ./Core/Src/main.o
 .text.MX_USART1_UART_Init
                0x0000000008000e64       0x64 ./Core/Src/main.o
 .text.MX_DMA_Init
                0x0000000008000ec8       0x40 ./Core/Src/main.o
 .text.MX_GPIO_Init
                0x0000000008000f08       0x50 ./Core/Src/main.o
 .text.HAL_UART_RxCpltCallback
                0x0000000008000f58       0xa8 ./Core/Src/main.o
                0x0000000008000f58                HAL_UART_RxCpltCallback
 .text.HAL_UART_TxCpltCallback
                0x0000000008001000       0x14 ./Core/Src/main.o
                0x0000000008001000                HAL_UART_TxCpltCallback
 .text.HAL_ADC_ConvCpltCallback
                0x0000000008001014       0x24 ./Core/Src/main.o
                0x0000000008001014                HAL_ADC_ConvCpltCallback
 .text.Error_Handler
                0x0000000008001038        0xa ./Core/Src/main.o
                0x0000000008001038                Error_Handler
 *fill*         0x0000000008001042        0x2 
 .text.HAL_MspInit
                0x0000000008001044       0x50 ./Core/Src/stm32f4xx_hal_msp.o
                0x0000000008001044                HAL_MspInit
 .text.HAL_ADC_MspInit
                0x0000000008001094       0xec ./Core/Src/stm32f4xx_hal_msp.o
                0x0000000008001094                HAL_ADC_MspInit
 .text.HAL_TIM_Base_MspInit
                0x0000000008001180       0xc4 ./Core/Src/stm32f4xx_hal_msp.o
                0x0000000008001180                HAL_TIM_Base_MspInit
 .text.HAL_TIM_MspPostInit
                0x0000000008001244      0x108 ./Core/Src/stm32f4xx_hal_msp.o
                0x0000000008001244                HAL_TIM_MspPostInit
 .text.HAL_UART_MspInit
                0x000000000800134c       0xa0 ./Core/Src/stm32f4xx_hal_msp.o
                0x000000000800134c                HAL_UART_MspInit
 .text.NMI_Handler
                0x00000000080013ec        0x6 ./Core/Src/stm32f4xx_it.o
                0x00000000080013ec                NMI_Handler
 .text.HardFault_Handler
                0x00000000080013f2        0x6 ./Core/Src/stm32f4xx_it.o
                0x00000000080013f2                HardFault_Handler
 .text.MemManage_Handler
                0x00000000080013f8        0x6 ./Core/Src/stm32f4xx_it.o
                0x00000000080013f8                MemManage_Handler
 .text.BusFault_Handler
                0x00000000080013fe        0x6 ./Core/Src/stm32f4xx_it.o
                0x00000000080013fe                BusFault_Handler
 .text.UsageFault_Handler
                0x0000000008001404        0x6 ./Core/Src/stm32f4xx_it.o
                0x0000000008001404                UsageFault_Handler
 .text.SVC_Handler
                0x000000000800140a        0xe ./Core/Src/stm32f4xx_it.o
                0x000000000800140a                SVC_Handler
 .text.DebugMon_Handler
                0x0000000008001418        0xe ./Core/Src/stm32f4xx_it.o
                0x0000000008001418                DebugMon_Handler
 .text.PendSV_Handler
                0x0000000008001426        0xe ./Core/Src/stm32f4xx_it.o
                0x0000000008001426                PendSV_Handler
 .text.SysTick_Handler
                0x0000000008001434        0xc ./Core/Src/stm32f4xx_it.o
                0x0000000008001434                SysTick_Handler
 .text.USART1_IRQHandler
                0x0000000008001440       0x14 ./Core/Src/stm32f4xx_it.o
                0x0000000008001440                USART1_IRQHandler
 .text.DMA2_Stream0_IRQHandler
                0x0000000008001454       0x14 ./Core/Src/stm32f4xx_it.o
                0x0000000008001454                DMA2_Stream0_IRQHandler
 .text.OTG_FS_IRQHandler
                0x0000000008001468       0x14 ./Core/Src/stm32f4xx_it.o
                0x0000000008001468                OTG_FS_IRQHandler
 .text.SystemInit
                0x000000000800147c       0x24 ./Core/Src/system_stm32f4xx.o
                0x000000000800147c                SystemInit
 .text.Reset_Handler
                0x00000000080014a0       0x50 ./Core/Startup/startup_stm32f401ccux.o
                0x00000000080014a0                Reset_Handler
 .text.Default_Handler
                0x00000000080014f0        0x2 ./Core/Startup/startup_stm32f401ccux.o
                0x00000000080014f0                RTC_Alarm_IRQHandler
                0x00000000080014f0                EXTI2_IRQHandler
                0x00000000080014f0                SPI4_IRQHandler
                0x00000000080014f0                TIM1_CC_IRQHandler
                0x00000000080014f0                DMA2_Stream5_IRQHandler
                0x00000000080014f0                DMA1_Stream5_IRQHandler
                0x00000000080014f0                PVD_IRQHandler
                0x00000000080014f0                SDIO_IRQHandler
                0x00000000080014f0                TAMP_STAMP_IRQHandler
                0x00000000080014f0                EXTI3_IRQHandler
                0x00000000080014f0                TIM1_UP_TIM10_IRQHandler
                0x00000000080014f0                I2C3_ER_IRQHandler
                0x00000000080014f0                EXTI0_IRQHandler
                0x00000000080014f0                I2C2_EV_IRQHandler
                0x00000000080014f0                DMA1_Stream2_IRQHandler
                0x00000000080014f0                FPU_IRQHandler
                0x00000000080014f0                DMA2_Stream2_IRQHandler
                0x00000000080014f0                SPI1_IRQHandler
                0x00000000080014f0                TIM1_BRK_TIM9_IRQHandler
                0x00000000080014f0                DMA2_Stream3_IRQHandler
                0x00000000080014f0                USART6_IRQHandler
                0x00000000080014f0                TIM4_IRQHandler
                0x00000000080014f0                I2C1_EV_IRQHandler
                0x00000000080014f0                DMA1_Stream6_IRQHandler
                0x00000000080014f0                DMA1_Stream1_IRQHandler
                0x00000000080014f0                TIM3_IRQHandler
                0x00000000080014f0                RCC_IRQHandler
                0x00000000080014f0                Default_Handler
                0x00000000080014f0                EXTI15_10_IRQHandler
                0x00000000080014f0                ADC_IRQHandler
                0x00000000080014f0                DMA1_Stream7_IRQHandler
                0x00000000080014f0                TIM5_IRQHandler
                0x00000000080014f0                DMA2_Stream7_IRQHandler
                0x00000000080014f0                I2C3_EV_IRQHandler
                0x00000000080014f0                EXTI9_5_IRQHandler
                0x00000000080014f0                RTC_WKUP_IRQHandler
                0x00000000080014f0                SPI2_IRQHandler
                0x00000000080014f0                DMA1_Stream0_IRQHandler
                0x00000000080014f0                EXTI4_IRQHandler
                0x00000000080014f0                WWDG_IRQHandler
                0x00000000080014f0                OTG_FS_WKUP_IRQHandler
                0x00000000080014f0                TIM1_TRG_COM_TIM11_IRQHandler
                0x00000000080014f0                EXTI1_IRQHandler
                0x00000000080014f0                USART2_IRQHandler
                0x00000000080014f0                I2C2_ER_IRQHandler
                0x00000000080014f0                DMA2_Stream1_IRQHandler
                0x00000000080014f0                FLASH_IRQHandler
                0x00000000080014f0                DMA2_Stream4_IRQHandler
                0x00000000080014f0                SPI3_IRQHandler
                0x00000000080014f0                DMA1_Stream4_IRQHandler
                0x00000000080014f0                I2C1_ER_IRQHandler
                0x00000000080014f0                DMA2_Stream6_IRQHandler
                0x00000000080014f0                DMA1_Stream3_IRQHandler
 *fill*         0x00000000080014f2        0x2 
 .text.HAL_Init
                0x00000000080014f4       0x44 ./Drivers/STM32F4xx_HAL_Driver/Src/stm32f4xx_hal.o
                0x00000000080014f4                HAL_Init
 .text.HAL_InitTick
                0x0000000008001538       0x60 ./Drivers/STM32F4xx_HAL_Driver/Src/stm32f4xx_hal.o
                0x0000000008001538                HAL_InitTick
 .text.HAL_IncTick
                0x0000000008001598       0x28 ./Drivers/STM32F4xx_HAL_Driver/Src/stm32f4xx_hal.o
                0x0000000008001598                HAL_IncTick
 .text.HAL_GetTick
                0x00000000080015c0       0x18 ./Drivers/STM32F4xx_HAL_Driver/Src/stm32f4xx_hal.o
                0x00000000080015c0                HAL_GetTick
 .text.HAL_Delay
                0x00000000080015d8       0x48 ./Drivers/STM32F4xx_HAL_Driver/Src/stm32f4xx_hal.o
                0x00000000080015d8                HAL_Delay
 .text.HAL_ADC_Init
                0x0000000008001620       0x86 ./Drivers/STM32F4xx_HAL_Driver/Src/stm32f4xx_hal_adc.o
                0x0000000008001620                HAL_ADC_Init
 *fill*         0x00000000080016a6        0x2 
 .text.HAL_ADC_Start_DMA
                0x00000000080016a8      0x1e0 ./Drivers/STM32F4xx_HAL_Driver/Src/stm32f4xx_hal_adc.o
                0x00000000080016a8                HAL_ADC_Start_DMA
 .text.HAL_ADC_ConvHalfCpltCallback
                0x0000000008001888       0x14 ./Drivers/STM32F4xx_HAL_Driver/Src/stm32f4xx_hal_adc.o
                0x0000000008001888                HAL_ADC_ConvHalfCpltCallback
 .text.HAL_ADC_ErrorCallback
                0x000000000800189c       0x14 ./Drivers/STM32F4xx_HAL_Driver/Src/stm32f4xx_hal_adc.o
                0x000000000800189c                HAL_ADC_ErrorCallback
 .text.HAL_ADC_ConfigChannel
                0x00000000080018b0      0x244 ./Drivers/STM32F4xx_HAL_Driver/Src/stm32f4xx_hal_adc.o
                0x00000000080018b0                HAL_ADC_ConfigChannel
 .text.ADC_Init
                0x0000000008001af4      0x1f8 ./Drivers/STM32F4xx_HAL_Driver/Src/stm32f4xx_hal_adc.o
 .text.ADC_DMAConvCplt
                0x0000000008001cec       0xba ./Drivers/STM32F4xx_HAL_Driver/Src/stm32f4xx_hal_adc.o
 .text.ADC_DMAHalfConvCplt
                0x0000000008001da6       0x1c ./Drivers/STM32F4xx_HAL_Driver/Src/stm32f4xx_hal_adc.o
 .text.ADC_DMAError
                0x0000000008001dc2       0x2e ./Drivers/STM32F4xx_HAL_Driver/Src/stm32f4xx_hal_adc.o
 .text.__NVIC_SetPriorityGrouping
                0x0000000008001df0       0x48 ./Drivers/STM32F4xx_HAL_Driver/Src/stm32f4xx_hal_cortex.o
 .text.__NVIC_GetPriorityGrouping
                0x0000000008001e38       0x1c ./Drivers/STM32F4xx_HAL_Driver/Src/stm32f4xx_hal_cortex.o
 .text.__NVIC_EnableIRQ
                0x0000000008001e54       0x3c ./Drivers/STM32F4xx_HAL_Driver/Src/stm32f4xx_hal_cortex.o
 .text.__NVIC_SetPriority
                0x0000000008001e90       0x54 ./Drivers/STM32F4xx_HAL_Driver/Src/stm32f4xx_hal_cortex.o
 .text.NVIC_EncodePriority
                0x0000000008001ee4       0x66 ./Drivers/STM32F4xx_HAL_Driver/Src/stm32f4xx_hal_cortex.o
 *fill*         0x0000000008001f4a        0x2 
 .text.SysTick_Config
                0x0000000008001f4c       0x44 ./Drivers/STM32F4xx_HAL_Driver/Src/stm32f4xx_hal_cortex.o
 .text.HAL_NVIC_SetPriorityGrouping
                0x0000000008001f90       0x16 ./Drivers/STM32F4xx_HAL_Driver/Src/stm32f4xx_hal_cortex.o
                0x0000000008001f90                HAL_NVIC_SetPriorityGrouping
 .text.HAL_NVIC_SetPriority
                0x0000000008001fa6       0x38 ./Drivers/STM32F4xx_HAL_Driver/Src/stm32f4xx_hal_cortex.o
                0x0000000008001fa6                HAL_NVIC_SetPriority
 .text.HAL_NVIC_EnableIRQ
                0x0000000008001fde       0x1c ./Drivers/STM32F4xx_HAL_Driver/Src/stm32f4xx_hal_cortex.o
                0x0000000008001fde                HAL_NVIC_EnableIRQ
 .text.HAL_SYSTICK_Config
                0x0000000008001ffa       0x18 ./Drivers/STM32F4xx_HAL_Driver/Src/stm32f4xx_hal_cortex.o
                0x0000000008001ffa                HAL_SYSTICK_Config
 *fill*         0x0000000008002012        0x2 
 .text.HAL_DMA_Init
                0x0000000008002014      0x15c ./Drivers/STM32F4xx_HAL_Driver/Src/stm32f4xx_hal_dma.o
                0x0000000008002014                HAL_DMA_Init
 .text.HAL_DMA_Start_IT
                0x0000000008002170       0xb0 ./Drivers/STM32F4xx_HAL_Driver/Src/stm32f4xx_hal_dma.o
                0x0000000008002170                HAL_DMA_Start_IT
 .text.HAL_DMA_Abort
                0x0000000008002220       0xe0 ./Drivers/STM32F4xx_HAL_Driver/Src/stm32f4xx_hal_dma.o
                0x0000000008002220                HAL_DMA_Abort
 .text.HAL_DMA_Abort_IT
                0x0000000008002300       0x44 ./Drivers/STM32F4xx_HAL_Driver/Src/stm32f4xx_hal_dma.o
                0x0000000008002300                HAL_DMA_Abort_IT
 .text.HAL_DMA_IRQHandler
                0x0000000008002344      0x314 ./Drivers/STM32F4xx_HAL_Driver/Src/stm32f4xx_hal_dma.o
                0x0000000008002344                HAL_DMA_IRQHandler
 .text.DMA_SetConfig
                0x0000000008002658       0x5c ./Drivers/STM32F4xx_HAL_Driver/Src/stm32f4xx_hal_dma.o
 .text.DMA_CalcBaseAndBitshift
                0x00000000080026b4       0x6c ./Drivers/STM32F4xx_HAL_Driver/Src/stm32f4xx_hal_dma.o
 .text.DMA_CheckFifoParam
                0x0000000008002720       0xf8 ./Drivers/STM32F4xx_HAL_Driver/Src/stm32f4xx_hal_dma.o
 .text.HAL_GPIO_Init
                0x0000000008002818      0x308 ./Drivers/STM32F4xx_HAL_Driver/Src/stm32f4xx_hal_gpio.o
                0x0000000008002818                HAL_GPIO_Init
 .text.HAL_PCD_Init
                0x0000000008002b20      0x21e ./Drivers/STM32F4xx_HAL_Driver/Src/stm32f4xx_hal_pcd.o
                0x0000000008002b20                HAL_PCD_Init
 .text.HAL_PCD_Start
                0x0000000008002d3e       0x6a ./Drivers/STM32F4xx_HAL_Driver/Src/stm32f4xx_hal_pcd.o
                0x0000000008002d3e                HAL_PCD_Start
 .text.HAL_PCD_IRQHandler
                0x0000000008002da8      0x942 ./Drivers/STM32F4xx_HAL_Driver/Src/stm32f4xx_hal_pcd.o
                0x0000000008002da8                HAL_PCD_IRQHandler
 .text.HAL_PCD_SetAddress
                0x00000000080036ea       0x48 ./Drivers/STM32F4xx_HAL_Driver/Src/stm32f4xx_hal_pcd.o
                0x00000000080036ea                HAL_PCD_SetAddress
 .text.HAL_PCD_EP_Open
                0x0000000008003732       0xd0 ./Drivers/STM32F4xx_HAL_Driver/Src/stm32f4xx_hal_pcd.o
                0x0000000008003732                HAL_PCD_EP_Open
 .text.HAL_PCD_EP_Close
                0x0000000008003802       0x94 ./Drivers/STM32F4xx_HAL_Driver/Src/stm32f4xx_hal_pcd.o
                0x0000000008003802                HAL_PCD_EP_Close
 .text.HAL_PCD_EP_Receive
                0x0000000008003896       0x76 ./Drivers/STM32F4xx_HAL_Driver/Src/stm32f4xx_hal_pcd.o
                0x0000000008003896                HAL_PCD_EP_Receive
 .text.HAL_PCD_EP_GetRxCount
                0x000000000800390c       0x30 ./Drivers/STM32F4xx_HAL_Driver/Src/stm32f4xx_hal_pcd.o
                0x000000000800390c                HAL_PCD_EP_GetRxCount
 .text.HAL_PCD_EP_Transmit
                0x000000000800393c       0x74 ./Drivers/STM32F4xx_HAL_Driver/Src/stm32f4xx_hal_pcd.o
                0x000000000800393c                HAL_PCD_EP_Transmit
 .text.HAL_PCD_EP_SetStall
                0x00000000080039b0       0xc6 ./Drivers/STM32F4xx_HAL_Driver/Src/stm32f4xx_hal_pcd.o
                0x00000000080039b0                HAL_PCD_EP_SetStall
 .text.HAL_PCD_EP_ClrStall
                0x0000000008003a76       0xac ./Drivers/STM32F4xx_HAL_Driver/Src/stm32f4xx_hal_pcd.o
                0x0000000008003a76                HAL_PCD_EP_ClrStall
 .text.HAL_PCD_EP_Abort
                0x0000000008003b22       0x62 ./Drivers/STM32F4xx_HAL_Driver/Src/stm32f4xx_hal_pcd.o
                0x0000000008003b22                HAL_PCD_EP_Abort
 .text.PCD_WriteEmptyTxFifo
                0x0000000008003b84      0x118 ./Drivers/STM32F4xx_HAL_Driver/Src/stm32f4xx_hal_pcd.o
 .text.PCD_EP_OutXfrComplete_int
                0x0000000008003c9c      0x1d0 ./Drivers/STM32F4xx_HAL_Driver/Src/stm32f4xx_hal_pcd.o
 .text.PCD_EP_OutSetupPacket_int
                0x0000000008003e6c       0x8c ./Drivers/STM32F4xx_HAL_Driver/Src/stm32f4xx_hal_pcd.o
 .text.HAL_PCDEx_SetTxFiFo
                0x0000000008003ef8       0x8e ./Drivers/STM32F4xx_HAL_Driver/Src/stm32f4xx_hal_pcd_ex.o
                0x0000000008003ef8                HAL_PCDEx_SetTxFiFo
 .text.HAL_PCDEx_SetRxFiFo
                0x0000000008003f86       0x22 ./Drivers/STM32F4xx_HAL_Driver/Src/stm32f4xx_hal_pcd_ex.o
                0x0000000008003f86                HAL_PCDEx_SetRxFiFo
 .text.HAL_PCDEx_LPM_Callback
                0x0000000008003fa8       0x18 ./Drivers/STM32F4xx_HAL_Driver/Src/stm32f4xx_hal_pcd_ex.o
                0x0000000008003fa8                HAL_PCDEx_LPM_Callback
 .text.HAL_RCC_OscConfig
                0x0000000008003fc0      0x4f0 ./Drivers/STM32F4xx_HAL_Driver/Src/stm32f4xx_hal_rcc.o
                0x0000000008003fc0                HAL_RCC_OscConfig
 .text.HAL_RCC_ClockConfig
                0x00000000080044b0      0x1cc ./Drivers/STM32F4xx_HAL_Driver/Src/stm32f4xx_hal_rcc.o
                0x00000000080044b0                HAL_RCC_ClockConfig
 .text.HAL_RCC_GetSysClockFreq
                0x000000000800467c      0x18c ./Drivers/STM32F4xx_HAL_Driver/Src/stm32f4xx_hal_rcc.o
                0x000000000800467c                HAL_RCC_GetSysClockFreq
 .text.HAL_RCC_GetHCLKFreq
                0x0000000008004808       0x18 ./Drivers/STM32F4xx_HAL_Driver/Src/stm32f4xx_hal_rcc.o
                0x0000000008004808                HAL_RCC_GetHCLKFreq
 .text.HAL_RCC_GetPCLK1Freq
                0x0000000008004820       0x28 ./Drivers/STM32F4xx_HAL_Driver/Src/stm32f4xx_hal_rcc.o
                0x0000000008004820                HAL_RCC_GetPCLK1Freq
 .text.HAL_RCC_GetPCLK2Freq
                0x0000000008004848       0x28 ./Drivers/STM32F4xx_HAL_Driver/Src/stm32f4xx_hal_rcc.o
                0x0000000008004848                HAL_RCC_GetPCLK2Freq
 .text.HAL_TIM_Base_Init
                0x0000000008004870       0x9e ./Drivers/STM32F4xx_HAL_Driver/Src/stm32f4xx_hal_tim.o
                0x0000000008004870                HAL_TIM_Base_Init
 *fill*         0x000000000800490e        0x2 
 .text.HAL_TIM_Base_Start_IT
                0x0000000008004910       0xc4 ./Drivers/STM32F4xx_HAL_Driver/Src/stm32f4xx_hal_tim.o
                0x0000000008004910                HAL_TIM_Base_Start_IT
 .text.HAL_TIM_PWM_Init
                0x00000000080049d4       0x9e ./Drivers/STM32F4xx_HAL_Driver/Src/stm32f4xx_hal_tim.o
                0x00000000080049d4                HAL_TIM_PWM_Init
 .text.HAL_TIM_PWM_MspInit
                0x0000000008004a72       0x14 ./Drivers/STM32F4xx_HAL_Driver/Src/stm32f4xx_hal_tim.o
                0x0000000008004a72                HAL_TIM_PWM_MspInit
 *fill*         0x0000000008004a86        0x2 
 .text.HAL_TIM_PWM_Start
                0x0000000008004a88      0x160 ./Drivers/STM32F4xx_HAL_Driver/Src/stm32f4xx_hal_tim.o
                0x0000000008004a88                HAL_TIM_PWM_Start
 .text.HAL_TIM_IRQHandler
                0x0000000008004be8      0x1e0 ./Drivers/STM32F4xx_HAL_Driver/Src/stm32f4xx_hal_tim.o
                0x0000000008004be8                HAL_TIM_IRQHandler
 .text.HAL_TIM_PWM_ConfigChannel
                0x0000000008004dc8      0x184 ./Drivers/STM32F4xx_HAL_Driver/Src/stm32f4xx_hal_tim.o
                0x0000000008004dc8                HAL_TIM_PWM_ConfigChannel
 .text.HAL_TIM_ConfigClockSource
                0x0000000008004f4c      0x18e ./Drivers/STM32F4xx_HAL_Driver/Src/stm32f4xx_hal_tim.o
                0x0000000008004f4c                HAL_TIM_ConfigClockSource
 .text.HAL_TIM_SlaveConfigSynchro
                0x00000000080050da       0x84 ./Drivers/STM32F4xx_HAL_Driver/Src/stm32f4xx_hal_tim.o
                0x00000000080050da                HAL_TIM_SlaveConfigSynchro
 .text.HAL_TIM_OC_DelayElapsedCallback
                0x000000000800515e       0x14 ./Drivers/STM32F4xx_HAL_Driver/Src/stm32f4xx_hal_tim.o
                0x000000000800515e                HAL_TIM_OC_DelayElapsedCallback
 .text.HAL_TIM_IC_CaptureCallback
                0x0000000008005172       0x14 ./Drivers/STM32F4xx_HAL_Driver/Src/stm32f4xx_hal_tim.o
                0x0000000008005172                HAL_TIM_IC_CaptureCallback
 .text.HAL_TIM_PWM_PulseFinishedCallback
                0x0000000008005186       0x14 ./Drivers/STM32F4xx_HAL_Driver/Src/stm32f4xx_hal_tim.o
                0x0000000008005186                HAL_TIM_PWM_PulseFinishedCallback
 .text.HAL_TIM_TriggerCallback
                0x000000000800519a       0x14 ./Drivers/STM32F4xx_HAL_Driver/Src/stm32f4xx_hal_tim.o
                0x000000000800519a                HAL_TIM_TriggerCallback
 *fill*         0x00000000080051ae        0x2 
 .text.TIM_Base_SetConfig
                0x00000000080051b0      0x118 ./Drivers/STM32F4xx_HAL_Driver/Src/stm32f4xx_hal_tim.o
                0x00000000080051b0                TIM_Base_SetConfig
 .text.TIM_OC1_SetConfig
                0x00000000080052c8       0xcc ./Drivers/STM32F4xx_HAL_Driver/Src/stm32f4xx_hal_tim.o
 .text.TIM_OC2_SetConfig
                0x0000000008005394       0xd8 ./Drivers/STM32F4xx_HAL_Driver/Src/stm32f4xx_hal_tim.o
                0x0000000008005394                TIM_OC2_SetConfig
 .text.TIM_OC3_SetConfig
                0x000000000800546c       0xd4 ./Drivers/STM32F4xx_HAL_Driver/Src/stm32f4xx_hal_tim.o
 .text.TIM_OC4_SetConfig
                0x0000000008005540       0xa0 ./Drivers/STM32F4xx_HAL_Driver/Src/stm32f4xx_hal_tim.o
 .text.TIM_SlaveTimer_SetConfig
                0x00000000080055e0      0x122 ./Drivers/STM32F4xx_HAL_Driver/Src/stm32f4xx_hal_tim.o
 .text.TIM_TI1_ConfigInputStage
                0x0000000008005702       0x5e ./Drivers/STM32F4xx_HAL_Driver/Src/stm32f4xx_hal_tim.o
 .text.TIM_TI2_ConfigInputStage
                0x0000000008005760       0x60 ./Drivers/STM32F4xx_HAL_Driver/Src/stm32f4xx_hal_tim.o
 .text.TIM_ITRx_SetConfig
                0x00000000080057c0       0x36 ./Drivers/STM32F4xx_HAL_Driver/Src/stm32f4xx_hal_tim.o
 .text.TIM_ETR_SetConfig
                0x00000000080057f6       0x40 ./Drivers/STM32F4xx_HAL_Driver/Src/stm32f4xx_hal_tim.o
                0x00000000080057f6                TIM_ETR_SetConfig
 .text.TIM_CCxChannelCmd
                0x0000000008005836       0x4a ./Drivers/STM32F4xx_HAL_Driver/Src/stm32f4xx_hal_tim.o
                0x0000000008005836                TIM_CCxChannelCmd
 .text.HAL_TIMEx_MasterConfigSynchronization
                0x0000000008005880       0xdc ./Drivers/STM32F4xx_HAL_Driver/Src/stm32f4xx_hal_tim_ex.o
                0x0000000008005880                HAL_TIMEx_MasterConfigSynchronization
 .text.HAL_TIMEx_CommutCallback
                0x000000000800595c       0x14 ./Drivers/STM32F4xx_HAL_Driver/Src/stm32f4xx_hal_tim_ex.o
                0x000000000800595c                HAL_TIMEx_CommutCallback
 .text.HAL_TIMEx_BreakCallback
                0x0000000008005970       0x14 ./Drivers/STM32F4xx_HAL_Driver/Src/stm32f4xx_hal_tim_ex.o
                0x0000000008005970                HAL_TIMEx_BreakCallback
 .text.HAL_UART_Init
                0x0000000008005984       0xa0 ./Drivers/STM32F4xx_HAL_Driver/Src/stm32f4xx_hal_uart.o
                0x0000000008005984                HAL_UART_Init
 .text.HAL_UART_Transmit_IT
                0x0000000008005a24       0x6c ./Drivers/STM32F4xx_HAL_Driver/Src/stm32f4xx_hal_uart.o
                0x0000000008005a24                HAL_UART_Transmit_IT
 .text.HAL_UART_Receive_IT
                0x0000000008005a90       0x4a ./Drivers/STM32F4xx_HAL_Driver/Src/stm32f4xx_hal_uart.o
                0x0000000008005a90                HAL_UART_Receive_IT
 *fill*         0x0000000008005ada        0x2 
 .text.HAL_UART_IRQHandler
                0x0000000008005adc      0x524 ./Drivers/STM32F4xx_HAL_Driver/Src/stm32f4xx_hal_uart.o
                0x0000000008005adc                HAL_UART_IRQHandler
 .text.HAL_UART_ErrorCallback
                0x0000000008006000       0x14 ./Drivers/STM32F4xx_HAL_Driver/Src/stm32f4xx_hal_uart.o
                0x0000000008006000                HAL_UART_ErrorCallback
 .text.HAL_UARTEx_RxEventCallback
                0x0000000008006014       0x18 ./Drivers/STM32F4xx_HAL_Driver/Src/stm32f4xx_hal_uart.o
                0x0000000008006014                HAL_UARTEx_RxEventCallback
 .text.UART_Start_Receive_IT
                0x000000000800602c       0x74 ./Drivers/STM32F4xx_HAL_Driver/Src/stm32f4xx_hal_uart.o
                0x000000000800602c                UART_Start_Receive_IT
 .text.UART_EndRxTransfer
                0x00000000080060a0       0xc6 ./Drivers/STM32F4xx_HAL_Driver/Src/stm32f4xx_hal_uart.o
 .text.UART_DMAAbortOnError
                0x0000000008006166       0x28 ./Drivers/STM32F4xx_HAL_Driver/Src/stm32f4xx_hal_uart.o
 .text.UART_Transmit_IT
                0x000000000800618e       0xa0 ./Drivers/STM32F4xx_HAL_Driver/Src/stm32f4xx_hal_uart.o
 .text.UART_EndTransmit_IT
                0x000000000800622e       0x30 ./Drivers/STM32F4xx_HAL_Driver/Src/stm32f4xx_hal_uart.o
 .text.UART_Receive_IT
                0x000000000800625e      0x17c ./Drivers/STM32F4xx_HAL_Driver/Src/stm32f4xx_hal_uart.o
 *fill*         0x00000000080063da        0x2 
 .text.UART_SetConfig
                0x00000000080063dc      0x4e8 ./Drivers/STM32F4xx_HAL_Driver/Src/stm32f4xx_hal_uart.o
 .text.USB_CoreInit
                0x00000000080068c4       0xc8 ./Drivers/STM32F4xx_HAL_Driver/Src/stm32f4xx_ll_usb.o
                0x00000000080068c4                USB_CoreInit
 .text.USB_SetTurnaroundTime
                0x000000000800698c      0x144 ./Drivers/STM32F4xx_HAL_Driver/Src/stm32f4xx_ll_usb.o
                0x000000000800698c                USB_SetTurnaroundTime
 .text.USB_EnableGlobalInt
                0x0000000008006ad0       0x22 ./Drivers/STM32F4xx_HAL_Driver/Src/stm32f4xx_ll_usb.o
                0x0000000008006ad0                USB_EnableGlobalInt
 .text.USB_DisableGlobalInt
                0x0000000008006af2       0x22 ./Drivers/STM32F4xx_HAL_Driver/Src/stm32f4xx_ll_usb.o
                0x0000000008006af2                USB_DisableGlobalInt
 .text.USB_SetCurrentMode
                0x0000000008006b14       0x98 ./Drivers/STM32F4xx_HAL_Driver/Src/stm32f4xx_ll_usb.o
                0x0000000008006b14                USB_SetCurrentMode
 .text.USB_DevInit
                0x0000000008006bac      0x2c8 ./Drivers/STM32F4xx_HAL_Driver/Src/stm32f4xx_ll_usb.o
                0x0000000008006bac                USB_DevInit
 .text.USB_FlushTxFifo
                0x0000000008006e74       0x64 ./Drivers/STM32F4xx_HAL_Driver/Src/stm32f4xx_ll_usb.o
                0x0000000008006e74                USB_FlushTxFifo
 .text.USB_FlushRxFifo
                0x0000000008006ed8       0x5c ./Drivers/STM32F4xx_HAL_Driver/Src/stm32f4xx_ll_usb.o
                0x0000000008006ed8                USB_FlushRxFifo
 .text.USB_SetDevSpeed
                0x0000000008006f34       0x32 ./Drivers/STM32F4xx_HAL_Driver/Src/stm32f4xx_ll_usb.o
                0x0000000008006f34                USB_SetDevSpeed
 .text.USB_GetDevSpeed
                0x0000000008006f66       0x4a ./Drivers/STM32F4xx_HAL_Driver/Src/stm32f4xx_ll_usb.o
                0x0000000008006f66                USB_GetDevSpeed
 .text.USB_ActivateEndpoint
                0x0000000008006fb0      0x10e ./Drivers/STM32F4xx_HAL_Driver/Src/stm32f4xx_ll_usb.o
                0x0000000008006fb0                USB_ActivateEndpoint
 *fill*         0x00000000080070be        0x2 
 .text.USB_DeactivateEndpoint
                0x00000000080070c0      0x1b8 ./Drivers/STM32F4xx_HAL_Driver/Src/stm32f4xx_ll_usb.o
                0x00000000080070c0                USB_DeactivateEndpoint
 .text.USB_EPStartXfer
                0x0000000008007278      0x530 ./Drivers/STM32F4xx_HAL_Driver/Src/stm32f4xx_ll_usb.o
                0x0000000008007278                USB_EPStartXfer
 .text.USB_EPStopXfer
                0x00000000080077a8      0x154 ./Drivers/STM32F4xx_HAL_Driver/Src/stm32f4xx_ll_usb.o
                0x00000000080077a8                USB_EPStopXfer
 .text.USB_WritePacket
                0x00000000080078fc       0x7c ./Drivers/STM32F4xx_HAL_Driver/Src/stm32f4xx_ll_usb.o
                0x00000000080078fc                USB_WritePacket
 .text.USB_ReadPacket
                0x0000000008007978       0xb0 ./Drivers/STM32F4xx_HAL_Driver/Src/stm32f4xx_ll_usb.o
                0x0000000008007978                USB_ReadPacket
 .text.USB_EPSetStall
                0x0000000008007a28       0xdc ./Drivers/STM32F4xx_HAL_Driver/Src/stm32f4xx_ll_usb.o
                0x0000000008007a28                USB_EPSetStall
 .text.USB_EPClearStall
                0x0000000008007b04       0xcc ./Drivers/STM32F4xx_HAL_Driver/Src/stm32f4xx_ll_usb.o
                0x0000000008007b04                USB_EPClearStall
 .text.USB_SetDevAddress
                0x0000000008007bd0       0x4c ./Drivers/STM32F4xx_HAL_Driver/Src/stm32f4xx_ll_usb.o
                0x0000000008007bd0                USB_SetDevAddress
 .text.USB_DevConnect
                0x0000000008007c1c       0x42 ./Drivers/STM32F4xx_HAL_Driver/Src/stm32f4xx_ll_usb.o
                0x0000000008007c1c                USB_DevConnect
 .text.USB_DevDisconnect
                0x0000000008007c5e       0x42 ./Drivers/STM32F4xx_HAL_Driver/Src/stm32f4xx_ll_usb.o
                0x0000000008007c5e                USB_DevDisconnect
 .text.USB_ReadInterrupts
                0x0000000008007ca0       0x26 ./Drivers/STM32F4xx_HAL_Driver/Src/stm32f4xx_ll_usb.o
                0x0000000008007ca0                USB_ReadInterrupts
 .text.USB_ReadDevAllOutEpInterrupt
                0x0000000008007cc6       0x34 ./Drivers/STM32F4xx_HAL_Driver/Src/stm32f4xx_ll_usb.o
                0x0000000008007cc6                USB_ReadDevAllOutEpInterrupt
 .text.USB_ReadDevAllInEpInterrupt
                0x0000000008007cfa       0x34 ./Drivers/STM32F4xx_HAL_Driver/Src/stm32f4xx_ll_usb.o
                0x0000000008007cfa                USB_ReadDevAllInEpInterrupt
 .text.USB_ReadDevOutEPInterrupt
                0x0000000008007d2e       0x3c ./Drivers/STM32F4xx_HAL_Driver/Src/stm32f4xx_ll_usb.o
                0x0000000008007d2e                USB_ReadDevOutEPInterrupt
 .text.USB_ReadDevInEPInterrupt
                0x0000000008007d6a       0x5c ./Drivers/STM32F4xx_HAL_Driver/Src/stm32f4xx_ll_usb.o
                0x0000000008007d6a                USB_ReadDevInEPInterrupt
 .text.USB_GetMode
                0x0000000008007dc6       0x1c ./Drivers/STM32F4xx_HAL_Driver/Src/stm32f4xx_ll_usb.o
                0x0000000008007dc6                USB_GetMode
 .text.USB_ActivateSetup
                0x0000000008007de2       0x46 ./Drivers/STM32F4xx_HAL_Driver/Src/stm32f4xx_ll_usb.o
                0x0000000008007de2                USB_ActivateSetup
 .text.USB_EP0_OutStart
                0x0000000008007e28       0xbc ./Drivers/STM32F4xx_HAL_Driver/Src/stm32f4xx_ll_usb.o
                0x0000000008007e28                USB_EP0_OutStart
 .text.USB_CoreReset
                0x0000000008007ee4       0x62 ./Drivers/STM32F4xx_HAL_Driver/Src/stm32f4xx_ll_usb.o
 *fill*         0x0000000008007f46        0x2 
 .text.USBD_CDC_Init
                0x0000000008007f48      0x1f0 ./Middlewares/ST/STM32_USB_Device_Library/Class/CDC/Src/usbd_cdc.o
 .text.USBD_CDC_DeInit
                0x0000000008008138      0x104 ./Middlewares/ST/STM32_USB_Device_Library/Class/CDC/Src/usbd_cdc.o
 .text.USBD_CDC_Setup
                0x000000000800823c      0x1b8 ./Middlewares/ST/STM32_USB_Device_Library/Class/CDC/Src/usbd_cdc.o
 .text.USBD_CDC_DataIn
                0x00000000080083f4       0xfe ./Middlewares/ST/STM32_USB_Device_Library/Class/CDC/Src/usbd_cdc.o
 .text.USBD_CDC_DataOut
                0x00000000080084f2       0x70 ./Middlewares/ST/STM32_USB_Device_Library/Class/CDC/Src/usbd_cdc.o
 .text.USBD_CDC_EP0_RxReady
                0x0000000008008562       0x76 ./Middlewares/ST/STM32_USB_Device_Library/Class/CDC/Src/usbd_cdc.o
 .text.USBD_CDC_GetFSCfgDesc
                0x00000000080085d8       0x70 ./Middlewares/ST/STM32_USB_Device_Library/Class/CDC/Src/usbd_cdc.o
 .text.USBD_CDC_GetHSCfgDesc
                0x0000000008008648       0x70 ./Middlewares/ST/STM32_USB_Device_Library/Class/CDC/Src/usbd_cdc.o
 .text.USBD_CDC_GetOtherSpeedCfgDesc
                0x00000000080086b8       0x70 ./Middlewares/ST/STM32_USB_Device_Library/Class/CDC/Src/usbd_cdc.o
 .text.USBD_CDC_GetDeviceQualifierDescriptor
                0x0000000008008728       0x20 ./Middlewares/ST/STM32_USB_Device_Library/Class/CDC/Src/usbd_cdc.o
                0x0000000008008728                USBD_CDC_GetDeviceQualifierDescriptor
 .text.USBD_CDC_RegisterInterface
                0x0000000008008748       0x34 ./Middlewares/ST/STM32_USB_Device_Library/Class/CDC/Src/usbd_cdc.o
                0x0000000008008748                USBD_CDC_RegisterInterface
 .text.USBD_CDC_SetTxBuffer
                0x000000000800877c       0x44 ./Middlewares/ST/STM32_USB_Device_Library/Class/CDC/Src/usbd_cdc.o
                0x000000000800877c                USBD_CDC_SetTxBuffer
 .text.USBD_CDC_SetRxBuffer
                0x00000000080087c0       0x3a ./Middlewares/ST/STM32_USB_Device_Library/Class/CDC/Src/usbd_cdc.o
                0x00000000080087c0                USBD_CDC_SetRxBuffer
 *fill*         0x00000000080087fa        0x2 
 .text.USBD_CDC_ReceivePacket
                0x00000000080087fc       0x6c ./Middlewares/ST/STM32_USB_Device_Library/Class/CDC/Src/usbd_cdc.o
                0x00000000080087fc                USBD_CDC_ReceivePacket
 .text.USBD_Init
                0x0000000008008868       0x60 ./Middlewares/ST/STM32_USB_Device_Library/Core/Src/usbd_core.o
                0x0000000008008868                USBD_Init
 .text.USBD_RegisterClass
                0x00000000080088c8       0x6c ./Middlewares/ST/STM32_USB_Device_Library/Core/Src/usbd_core.o
                0x00000000080088c8                USBD_RegisterClass
 .text.USBD_Start
                0x0000000008008934       0x18 ./Middlewares/ST/STM32_USB_Device_Library/Core/Src/usbd_core.o
                0x0000000008008934                USBD_Start
 .text.USBD_RunTestMode
                0x000000000800894c       0x16 ./Middlewares/ST/STM32_USB_Device_Library/Core/Src/usbd_core.o
                0x000000000800894c                USBD_RunTestMode
 .text.USBD_SetClassConfig
                0x0000000008008962       0x38 ./Middlewares/ST/STM32_USB_Device_Library/Core/Src/usbd_core.o
                0x0000000008008962                USBD_SetClassConfig
 .text.USBD_ClrClassConfig
                0x000000000800899a       0x34 ./Middlewares/ST/STM32_USB_Device_Library/Core/Src/usbd_core.o
                0x000000000800899a                USBD_ClrClassConfig
 .text.USBD_LL_SetupStage
                0x00000000080089ce       0xaa ./Middlewares/ST/STM32_USB_Device_Library/Core/Src/usbd_core.o
                0x00000000080089ce                USBD_LL_SetupStage
 .text.USBD_LL_DataOutStage
                0x0000000008008a78      0x166 ./Middlewares/ST/STM32_USB_Device_Library/Core/Src/usbd_core.o
                0x0000000008008a78                USBD_LL_DataOutStage
 .text.USBD_LL_DataInStage
                0x0000000008008bde      0x164 ./Middlewares/ST/STM32_USB_Device_Library/Core/Src/usbd_core.o
                0x0000000008008bde                USBD_LL_DataInStage
 .text.USBD_LL_Reset
                0x0000000008008d42       0xa4 ./Middlewares/ST/STM32_USB_Device_Library/Core/Src/usbd_core.o
                0x0000000008008d42                USBD_LL_Reset
 .text.USBD_LL_SetSpeed
                0x0000000008008de6       0x20 ./Middlewares/ST/STM32_USB_Device_Library/Core/Src/usbd_core.o
                0x0000000008008de6                USBD_LL_SetSpeed
 .text.USBD_LL_Suspend
                0x0000000008008e06       0x38 ./Middlewares/ST/STM32_USB_Device_Library/Core/Src/usbd_core.o
                0x0000000008008e06                USBD_LL_Suspend
 .text.USBD_LL_Resume
                0x0000000008008e3e       0x30 ./Middlewares/ST/STM32_USB_Device_Library/Core/Src/usbd_core.o
                0x0000000008008e3e                USBD_LL_Resume
 .text.USBD_LL_SOF
                0x0000000008008e6e       0x40 ./Middlewares/ST/STM32_USB_Device_Library/Core/Src/usbd_core.o
                0x0000000008008e6e                USBD_LL_SOF
 .text.USBD_LL_IsoINIncomplete
                0x0000000008008eae       0x64 ./Middlewares/ST/STM32_USB_Device_Library/Core/Src/usbd_core.o
                0x0000000008008eae                USBD_LL_IsoINIncomplete
 .text.USBD_LL_IsoOUTIncomplete
                0x0000000008008f12       0x64 ./Middlewares/ST/STM32_USB_Device_Library/Core/Src/usbd_core.o
                0x0000000008008f12                USBD_LL_IsoOUTIncomplete
 .text.USBD_LL_DevConnected
                0x0000000008008f76       0x16 ./Middlewares/ST/STM32_USB_Device_Library/Core/Src/usbd_core.o
                0x0000000008008f76                USBD_LL_DevConnected
 .text.USBD_LL_DevDisconnected
                0x0000000008008f8c       0x46 ./Middlewares/ST/STM32_USB_Device_Library/Core/Src/usbd_core.o
                0x0000000008008f8c                USBD_LL_DevDisconnected
 .text.USBD_CoreFindIF
                0x0000000008008fd2       0x1a ./Middlewares/ST/STM32_USB_Device_Library/Core/Src/usbd_core.o
                0x0000000008008fd2                USBD_CoreFindIF
 .text.USBD_CoreFindEP
                0x0000000008008fec       0x1a ./Middlewares/ST/STM32_USB_Device_Library/Core/Src/usbd_core.o
                0x0000000008008fec                USBD_CoreFindEP
 .text.USBD_GetEpDesc
                0x0000000008009006       0x74 ./Middlewares/ST/STM32_USB_Device_Library/Core/Src/usbd_core.o
                0x0000000008009006                USBD_GetEpDesc
 .text.USBD_GetNextDesc
                0x000000000800907a       0x3a ./Middlewares/ST/STM32_USB_Device_Library/Core/Src/usbd_core.o
                0x000000000800907a                USBD_GetNextDesc
 .text.SWAPBYTE
                0x00000000080090b4       0x3c ./Middlewares/ST/STM32_USB_Device_Library/Core/Src/usbd_ctlreq.o
 .text.USBD_StdDevReq
                0x00000000080090f0       0xe4 ./Middlewares/ST/STM32_USB_Device_Library/Core/Src/usbd_ctlreq.o
                0x00000000080090f0                USBD_StdDevReq
 .text.USBD_StdItfReq
                0x00000000080091d4       0xd8 ./Middlewares/ST/STM32_USB_Device_Library/Core/Src/usbd_ctlreq.o
                0x00000000080091d4                USBD_StdItfReq
 .text.USBD_StdEPReq
                0x00000000080092ac      0x33a ./Middlewares/ST/STM32_USB_Device_Library/Core/Src/usbd_ctlreq.o
                0x00000000080092ac                USBD_StdEPReq
 *fill*         0x00000000080095e6        0x2 
 .text.USBD_GetDescriptor
                0x00000000080095e8      0x2d4 ./Middlewares/ST/STM32_USB_Device_Library/Core/Src/usbd_ctlreq.o
 .text.USBD_SetAddress
                0x00000000080098bc       0x88 ./Middlewares/ST/STM32_USB_Device_Library/Core/Src/usbd_ctlreq.o
 .text.USBD_SetConfig
                0x0000000008009944      0x154 ./Middlewares/ST/STM32_USB_Device_Library/Core/Src/usbd_ctlreq.o
 .text.USBD_GetConfig
                0x0000000008009a98       0x6c ./Middlewares/ST/STM32_USB_Device_Library/Core/Src/usbd_ctlreq.o
 .text.USBD_GetStatus
                0x0000000008009b04       0x68 ./Middlewares/ST/STM32_USB_Device_Library/Core/Src/usbd_ctlreq.o
 .text.USBD_SetFeature
                0x0000000008009b6c       0x52 ./Middlewares/ST/STM32_USB_Device_Library/Core/Src/usbd_ctlreq.o
 .text.USBD_ClrFeature
                0x0000000008009bbe       0x44 ./Middlewares/ST/STM32_USB_Device_Library/Core/Src/usbd_ctlreq.o
 .text.USBD_ParseSetupRequest
                0x0000000008009c02       0x74 ./Middlewares/ST/STM32_USB_Device_Library/Core/Src/usbd_ctlreq.o
                0x0000000008009c02                USBD_ParseSetupRequest
 .text.USBD_CtlError
                0x0000000008009c76       0x22 ./Middlewares/ST/STM32_USB_Device_Library/Core/Src/usbd_ctlreq.o
                0x0000000008009c76                USBD_CtlError
 .text.USBD_GetString
                0x0000000008009c98       0x8c ./Middlewares/ST/STM32_USB_Device_Library/Core/Src/usbd_ctlreq.o
                0x0000000008009c98                USBD_GetString
 .text.USBD_GetLen
                0x0000000008009d24       0x34 ./Middlewares/ST/STM32_USB_Device_Library/Core/Src/usbd_ctlreq.o
 .text.USBD_CtlSendData
                0x0000000008009d58       0x36 ./Middlewares/ST/STM32_USB_Device_Library/Core/Src/usbd_ioreq.o
                0x0000000008009d58                USBD_CtlSendData
 .text.USBD_CtlContinueSendData
                0x0000000008009d8e       0x22 ./Middlewares/ST/STM32_USB_Device_Library/Core/Src/usbd_ioreq.o
                0x0000000008009d8e                USBD_CtlContinueSendData
 .text.USBD_CtlPrepareRx
                0x0000000008009db0       0x3a ./Middlewares/ST/STM32_USB_Device_Library/Core/Src/usbd_ioreq.o
                0x0000000008009db0                USBD_CtlPrepareRx
 .text.USBD_CtlContinueRx
                0x0000000008009dea       0x22 ./Middlewares/ST/STM32_USB_Device_Library/Core/Src/usbd_ioreq.o
                0x0000000008009dea                USBD_CtlContinueRx
 .text.USBD_CtlSendStatus
                0x0000000008009e0c       0x26 ./Middlewares/ST/STM32_USB_Device_Library/Core/Src/usbd_ioreq.o
                0x0000000008009e0c                USBD_CtlSendStatus
 .text.USBD_CtlReceiveStatus
                0x0000000008009e32       0x26 ./Middlewares/ST/STM32_USB_Device_Library/Core/Src/usbd_ioreq.o
                0x0000000008009e32                USBD_CtlReceiveStatus
 .text.MX_USB_DEVICE_Init
                0x0000000008009e58       0x60 ./USB_DEVICE/App/usb_device.o
                0x0000000008009e58                MX_USB_DEVICE_Init
 .text.CDC_Init_FS
                0x0000000008009eb8       0x28 ./USB_DEVICE/App/usbd_cdc_if.o
 .text.CDC_DeInit_FS
                0x0000000008009ee0       0x10 ./USB_DEVICE/App/usbd_cdc_if.o
 .text.CDC_Control_FS
                0x0000000008009ef0       0xbc ./USB_DEVICE/App/usbd_cdc_if.o
 .text.CDC_Receive_FS
                0x0000000008009fac       0x28 ./USB_DEVICE/App/usbd_cdc_if.o
 .text.CDC_TransmitCplt_FS
                0x0000000008009fd4       0x22 ./USB_DEVICE/App/usbd_cdc_if.o
 *fill*         0x0000000008009ff6        0x2 
 .text.USBD_FS_DeviceDescriptor
                0x0000000008009ff8       0x24 ./USB_DEVICE/App/usbd_desc.o
                0x0000000008009ff8                USBD_FS_DeviceDescriptor
 .text.USBD_FS_LangIDStrDescriptor
                0x000000000800a01c       0x24 ./USB_DEVICE/App/usbd_desc.o
                0x000000000800a01c                USBD_FS_LangIDStrDescriptor
 .text.USBD_FS_ProductStrDescriptor
                0x000000000800a040       0x3c ./USB_DEVICE/App/usbd_desc.o
                0x000000000800a040                USBD_FS_ProductStrDescriptor
 .text.USBD_FS_ManufacturerStrDescriptor
                0x000000000800a07c       0x28 ./USB_DEVICE/App/usbd_desc.o
                0x000000000800a07c                USBD_FS_ManufacturerStrDescriptor
 .text.USBD_FS_SerialStrDescriptor
                0x000000000800a0a4       0x24 ./USB_DEVICE/App/usbd_desc.o
                0x000000000800a0a4                USBD_FS_SerialStrDescriptor
 .text.USBD_FS_ConfigStrDescriptor
                0x000000000800a0c8       0x3c ./USB_DEVICE/App/usbd_desc.o
                0x000000000800a0c8                USBD_FS_ConfigStrDescriptor
 .text.USBD_FS_InterfaceStrDescriptor
                0x000000000800a104       0x3c ./USB_DEVICE/App/usbd_desc.o
                0x000000000800a104                USBD_FS_InterfaceStrDescriptor
 .text.Get_SerialNum
                0x000000000800a140       0x58 ./USB_DEVICE/App/usbd_desc.o
 .text.IntToUnicode
                0x000000000800a198       0x7e ./USB_DEVICE/App/usbd_desc.o
 *fill*         0x000000000800a216        0x2 
 .text.HAL_PCD_MspInit
                0x000000000800a218       0xa8 ./USB_DEVICE/Target/usbd_conf.o
                0x000000000800a218                HAL_PCD_MspInit
 .text.HAL_PCD_SetupStageCallback
                0x000000000800a2c0       0x24 ./USB_DEVICE/Target/usbd_conf.o
                0x000000000800a2c0                HAL_PCD_SetupStageCallback
 .text.HAL_PCD_DataOutStageCallback
                0x000000000800a2e4       0x36 ./USB_DEVICE/Target/usbd_conf.o
                0x000000000800a2e4                HAL_PCD_DataOutStageCallback
 .text.HAL_PCD_DataInStageCallback
                0x000000000800a31a       0x34 ./USB_DEVICE/Target/usbd_conf.o
                0x000000000800a31a                HAL_PCD_DataInStageCallback
 .text.HAL_PCD_SOFCallback
                0x000000000800a34e       0x1c ./USB_DEVICE/Target/usbd_conf.o
                0x000000000800a34e                HAL_PCD_SOFCallback
 .text.HAL_PCD_ResetCallback
                0x000000000800a36a       0x3c ./USB_DEVICE/Target/usbd_conf.o
                0x000000000800a36a                HAL_PCD_ResetCallback
 *fill*         0x000000000800a3a6        0x2 
 .text.HAL_PCD_SuspendCallback
                0x000000000800a3a8       0x4c ./USB_DEVICE/Target/usbd_conf.o
                0x000000000800a3a8                HAL_PCD_SuspendCallback
 .text.HAL_PCD_ResumeCallback
                0x000000000800a3f4       0x1c ./USB_DEVICE/Target/usbd_conf.o
                0x000000000800a3f4                HAL_PCD_ResumeCallback
 .text.HAL_PCD_ISOOUTIncompleteCallback
                0x000000000800a410       0x24 ./USB_DEVICE/Target/usbd_conf.o
                0x000000000800a410                HAL_PCD_ISOOUTIncompleteCallback
 .text.HAL_PCD_ISOINIncompleteCallback
                0x000000000800a434       0x24 ./USB_DEVICE/Target/usbd_conf.o
                0x000000000800a434                HAL_PCD_ISOINIncompleteCallback
 .text.HAL_PCD_ConnectCallback
                0x000000000800a458       0x1c ./USB_DEVICE/Target/usbd_conf.o
                0x000000000800a458                HAL_PCD_ConnectCallback
 .text.HAL_PCD_DisconnectCallback
                0x000000000800a474       0x1c ./USB_DEVICE/Target/usbd_conf.o
                0x000000000800a474                HAL_PCD_DisconnectCallback
 .text.USBD_LL_Init
                0x000000000800a490       0x98 ./USB_DEVICE/Target/usbd_conf.o
                0x000000000800a490                USBD_LL_Init
 .text.USBD_LL_Start
                0x000000000800a528       0x36 ./USB_DEVICE/Target/usbd_conf.o
                0x000000000800a528                USBD_LL_Start
 .text.USBD_LL_OpenEP
                0x000000000800a55e       0x4c ./USB_DEVICE/Target/usbd_conf.o
                0x000000000800a55e                USBD_LL_OpenEP
 .text.USBD_LL_CloseEP
                0x000000000800a5aa       0x3e ./USB_DEVICE/Target/usbd_conf.o
                0x000000000800a5aa                USBD_LL_CloseEP
 .text.USBD_LL_StallEP
                0x000000000800a5e8       0x3e ./USB_DEVICE/Target/usbd_conf.o
                0x000000000800a5e8                USBD_LL_StallEP
 .text.USBD_LL_ClearStallEP
                0x000000000800a626       0x3e ./USB_DEVICE/Target/usbd_conf.o
                0x000000000800a626                USBD_LL_ClearStallEP
 .text.USBD_LL_IsStallEP
                0x000000000800a664       0x58 ./USB_DEVICE/Target/usbd_conf.o
                0x000000000800a664                USBD_LL_IsStallEP
 .text.USBD_LL_SetUSBAddress
                0x000000000800a6bc       0x3e ./USB_DEVICE/Target/usbd_conf.o
                0x000000000800a6bc                USBD_LL_SetUSBAddress
 .text.USBD_LL_Transmit
                0x000000000800a6fa       0x42 ./USB_DEVICE/Target/usbd_conf.o
                0x000000000800a6fa                USBD_LL_Transmit
 .text.USBD_LL_PrepareReceive
                0x000000000800a73c       0x42 ./USB_DEVICE/Target/usbd_conf.o
                0x000000000800a73c                USBD_LL_PrepareReceive
 .text.USBD_LL_GetRxDataSize
                0x000000000800a77e       0x26 ./USB_DEVICE/Target/usbd_conf.o
                0x000000000800a77e                USBD_LL_GetRxDataSize
 .text.USBD_static_malloc
                0x000000000800a7a4       0x1c ./USB_DEVICE/Target/usbd_conf.o
                0x000000000800a7a4                USBD_static_malloc
 .text.USBD_static_free
                0x000000000800a7c0       0x14 ./USB_DEVICE/Target/usbd_conf.o
                0x000000000800a7c0                USBD_static_free
 .text.USBD_Get_USB_Status
                0x000000000800a7d4       0x58 ./USB_DEVICE/Target/usbd_conf.o
                0x000000000800a7d4                USBD_Get_USB_Status
 .text.memset   0x000000000800a82c       0x10 C:/ST/STM32CubeIDE_1.14.1/STM32CubeIDE/plugins/com.st.stm32cube.ide.mcu.externaltools.gnu-tools-for-stm32.11.3.rel1.win32_1.1.100.202309141235/tools/bin/../lib/gcc/arm-none-eabi/11.3.1/../../../../arm-none-eabi/lib/thumb/v7e-m+fp/hard\libc_nano.a(libc_a-memset.o)
                0x000000000800a82c                memset
 .text.__libc_init_array
                0x000000000800a83c       0x48 C:/ST/STM32CubeIDE_1.14.1/STM32CubeIDE/plugins/com.st.stm32cube.ide.mcu.externaltools.gnu-tools-for-stm32.11.3.rel1.win32_1.1.100.202309141235/tools/bin/../lib/gcc/arm-none-eabi/11.3.1/../../../../arm-none-eabi/lib/thumb/v7e-m+fp/hard\libc_nano.a(libc_a-init.o)
                0x000000000800a83c                __libc_init_array
 *(.glue_7)
 .glue_7        0x000000000800a884        0x0 linker stubs
 *(.glue_7t)
 .glue_7t       0x000000000800a884        0x0 linker stubs
 *(.eh_frame)
 .eh_frame      0x000000000800a884        0x0 C:/ST/STM32CubeIDE_1.14.1/STM32CubeIDE/plugins/com.st.stm32cube.ide.mcu.externaltools.gnu-tools-for-stm32.11.3.rel1.win32_1.1.100.202309141235/tools/bin/../lib/gcc/arm-none-eabi/11.3.1/thumb/v7e-m+fp/hard/crtbegin.o
 *(.init)
 .init          0x000000000800a884        0x4 C:/ST/STM32CubeIDE_1.14.1/STM32CubeIDE/plugins/com.st.stm32cube.ide.mcu.externaltools.gnu-tools-for-stm32.11.3.rel1.win32_1.1.100.202309141235/tools/bin/../lib/gcc/arm-none-eabi/11.3.1/thumb/v7e-m+fp/hard/crti.o
                0x000000000800a884                _init
 .init          0x000000000800a888        0x8 C:/ST/STM32CubeIDE_1.14.1/STM32CubeIDE/plugins/com.st.stm32cube.ide.mcu.externaltools.gnu-tools-for-stm32.11.3.rel1.win32_1.1.100.202309141235/tools/bin/../lib/gcc/arm-none-eabi/11.3.1/thumb/v7e-m+fp/hard/crtn.o
 *(.fini)
 .fini          0x000000000800a890        0x4 C:/ST/STM32CubeIDE_1.14.1/STM32CubeIDE/plugins/com.st.stm32cube.ide.mcu.externaltools.gnu-tools-for-stm32.11.3.rel1.win32_1.1.100.202309141235/tools/bin/../lib/gcc/arm-none-eabi/11.3.1/thumb/v7e-m+fp/hard/crti.o
                0x000000000800a890                _fini
 .fini          0x000000000800a894        0x8 C:/ST/STM32CubeIDE_1.14.1/STM32CubeIDE/plugins/com.st.stm32cube.ide.mcu.externaltools.gnu-tools-for-stm32.11.3.rel1.win32_1.1.100.202309141235/tools/bin/../lib/gcc/arm-none-eabi/11.3.1/thumb/v7e-m+fp/hard/crtn.o
                0x000000000800a89c                . = ALIGN (0x4)
                0x000000000800a89c                _etext = .

.vfp11_veneer   0x000000000800a89c        0x0
 .vfp11_veneer  0x000000000800a89c        0x0 linker stubs

.v4_bx          0x000000000800a89c        0x0
 .v4_bx         0x000000000800a89c        0x0 linker stubs

.iplt           0x000000000800a89c        0x0
 .iplt          0x000000000800a89c        0x0 C:/ST/STM32CubeIDE_1.14.1/STM32CubeIDE/plugins/com.st.stm32cube.ide.mcu.externaltools.gnu-tools-for-stm32.11.3.rel1.win32_1.1.100.202309141235/tools/bin/../lib/gcc/arm-none-eabi/11.3.1/thumb/v7e-m+fp/hard/crtbegin.o

.rodata         0x000000000800a89c       0x68
                0x000000000800a89c                . = ALIGN (0x4)
 *(.rodata)
 .rodata        0x000000000800a89c       0x46 ./USB_DEVICE/App/usbd_desc.o
 *(.rodata*)
 *fill*         0x000000000800a8e2        0x2 
 .rodata.AHBPrescTable
                0x000000000800a8e4       0x10 ./Core/Src/system_stm32f4xx.o
                0x000000000800a8e4                AHBPrescTable
 .rodata.APBPrescTable
                0x000000000800a8f4        0x8 ./Core/Src/system_stm32f4xx.o
                0x000000000800a8f4                APBPrescTable
 .rodata.flagBitshiftOffset.0
                0x000000000800a8fc        0x8 ./Drivers/STM32F4xx_HAL_Driver/Src/stm32f4xx_hal_dma.o
                0x000000000800a904                . = ALIGN (0x4)

.ARM.extab      0x000000000800a904        0x0
                0x000000000800a904                . = ALIGN (0x4)
 *(.ARM.extab* .gnu.linkonce.armextab.*)
                0x000000000800a904                . = ALIGN (0x4)

.ARM            0x000000000800a904        0x8
                0x000000000800a904                . = ALIGN (0x4)
                0x000000000800a904                __exidx_start = .
 *(.ARM.exidx*)
 .ARM.exidx     0x000000000800a904        0x8 C:/ST/STM32CubeIDE_1.14.1/STM32CubeIDE/plugins/com.st.stm32cube.ide.mcu.externaltools.gnu-tools-for-stm32.11.3.rel1.win32_1.1.100.202309141235/tools/bin/../lib/gcc/arm-none-eabi/11.3.1/thumb/v7e-m+fp/hard\libgcc.a(_udivmoddi4.o)
                0x000000000800a90c                __exidx_end = .
                0x000000000800a90c                . = ALIGN (0x4)

.rel.dyn        0x000000000800a90c        0x0
 .rel.iplt      0x000000000800a90c        0x0 C:/ST/STM32CubeIDE_1.14.1/STM32CubeIDE/plugins/com.st.stm32cube.ide.mcu.externaltools.gnu-tools-for-stm32.11.3.rel1.win32_1.1.100.202309141235/tools/bin/../lib/gcc/arm-none-eabi/11.3.1/thumb/v7e-m+fp/hard/crtbegin.o

.preinit_array  0x000000000800a90c        0x0
                0x000000000800a90c                . = ALIGN (0x4)
                0x000000000800a90c                PROVIDE (__preinit_array_start = .)
 *(.preinit_array*)
                0x000000000800a90c                PROVIDE (__preinit_array_end = .)
                0x000000000800a90c                . = ALIGN (0x4)

.init_array     0x000000000800a90c        0x4
                0x000000000800a90c                . = ALIGN (0x4)
                0x000000000800a90c                PROVIDE (__init_array_start = .)
 *(SORT_BY_NAME(.init_array.*))
 *(.init_array*)
 .init_array    0x000000000800a90c        0x4 C:/ST/STM32CubeIDE_1.14.1/STM32CubeIDE/plugins/com.st.stm32cube.ide.mcu.externaltools.gnu-tools-for-stm32.11.3.rel1.win32_1.1.100.202309141235/tools/bin/../lib/gcc/arm-none-eabi/11.3.1/thumb/v7e-m+fp/hard/crtbegin.o
                0x000000000800a910                PROVIDE (__init_array_end = .)
                0x000000000800a910                . = ALIGN (0x4)

.fini_array     0x000000000800a910        0x4
                0x000000000800a910                . = ALIGN (0x4)
                [!provide]                        PROVIDE (__fini_array_start = .)
 *(SORT_BY_NAME(.fini_array.*))
 *(.fini_array*)
 .fini_array    0x000000000800a910        0x4 C:/ST/STM32CubeIDE_1.14.1/STM32CubeIDE/plugins/com.st.stm32cube.ide.mcu.externaltools.gnu-tools-for-stm32.11.3.rel1.win32_1.1.100.202309141235/tools/bin/../lib/gcc/arm-none-eabi/11.3.1/thumb/v7e-m+fp/hard/crtbegin.o
                [!provide]                        PROVIDE (__fini_array_end = .)
                0x000000000800a914                . = ALIGN (0x4)
                0x000000000800a914                _sidata = LOADADDR (.data)

.data           0x0000000020000000       0xfc load address 0x000000000800a914
                0x0000000020000000                . = ALIGN (0x4)
                0x0000000020000000                _sdata = .
 *(.data)
 *(.data*)
 .data.SystemCoreClock
                0x0000000020000000        0x4 ./Core/Src/system_stm32f4xx.o
                0x0000000020000000                SystemCoreClock
 .data.uwTickPrio
                0x0000000020000004        0x4 ./Drivers/STM32F4xx_HAL_Driver/Src/stm32f4xx_hal.o
                0x0000000020000004                uwTickPrio
 .data.uwTickFreq
                0x0000000020000008        0x1 ./Drivers/STM32F4xx_HAL_Driver/Src/stm32f4xx_hal.o
                0x0000000020000008                uwTickFreq
 *fill*         0x0000000020000009        0x3 
 .data.USBD_CDC_DeviceQualifierDesc
                0x000000002000000c        0xa ./Middlewares/ST/STM32_USB_Device_Library/Class/CDC/Src/usbd_cdc.o
 *fill*         0x0000000020000016        0x2 
 .data.USBD_CDC
                0x0000000020000018       0x38 ./Middlewares/ST/STM32_USB_Device_Library/Class/CDC/Src/usbd_cdc.o
                0x0000000020000018                USBD_CDC
 .data.USBD_CDC_CfgDesc
                0x0000000020000050       0x43 ./Middlewares/ST/STM32_USB_Device_Library/Class/CDC/Src/usbd_cdc.o
 .data.CDCInEpAdd
                0x0000000020000093        0x1 ./Middlewares/ST/STM32_USB_Device_Library/Class/CDC/Src/usbd_cdc.o
 .data.CDCOutEpAdd
                0x0000000020000094        0x1 ./Middlewares/ST/STM32_USB_Device_Library/Class/CDC/Src/usbd_cdc.o
 .data.CDCCmdEpAdd
                0x0000000020000095        0x1 ./Middlewares/ST/STM32_USB_Device_Library/Class/CDC/Src/usbd_cdc.o
 *fill*         0x0000000020000096        0x2 
 .data.USBD_Interface_fops_FS
                0x0000000020000098       0x14 ./USB_DEVICE/App/usbd_cdc_if.o
                0x0000000020000098                USBD_Interface_fops_FS
 .data.FS_Desc  0x00000000200000ac       0x1c ./USB_DEVICE/App/usbd_desc.o
                0x00000000200000ac                FS_Desc
 .data.USBD_FS_DeviceDesc
                0x00000000200000c8       0x12 ./USB_DEVICE/App/usbd_desc.o
                0x00000000200000c8                USBD_FS_DeviceDesc
 *fill*         0x00000000200000da        0x2 
 .data.USBD_LangIDDesc
                0x00000000200000dc        0x4 ./USB_DEVICE/App/usbd_desc.o
                0x00000000200000dc                USBD_LangIDDesc
 .data.USBD_StringSerial
                0x00000000200000e0       0x1a ./USB_DEVICE/App/usbd_desc.o
                0x00000000200000e0                USBD_StringSerial
 *(.RamFunc)
 *(.RamFunc*)
                0x00000000200000fc                . = ALIGN (0x4)
 *fill*         0x00000000200000fa        0x2 
                0x00000000200000fc                _edata = .

.igot.plt       0x00000000200000fc        0x0 load address 0x000000000800aa10
 .igot.plt      0x00000000200000fc        0x0 C:/ST/STM32CubeIDE_1.14.1/STM32CubeIDE/plugins/com.st.stm32cube.ide.mcu.externaltools.gnu-tools-for-stm32.11.3.rel1.win32_1.1.100.202309141235/tools/bin/../lib/gcc/arm-none-eabi/11.3.1/thumb/v7e-m+fp/hard/crtbegin.o
                0x00000000200000fc                . = ALIGN (0x4)

.bss            0x00000000200000fc     0x4fec load address 0x000000000800aa10
                0x00000000200000fc                _sbss = .
                0x00000000200000fc                __bss_start__ = _sbss
 *(.bss)
 .bss           0x00000000200000fc       0x1c C:/ST/STM32CubeIDE_1.14.1/STM32CubeIDE/plugins/com.st.stm32cube.ide.mcu.externaltools.gnu-tools-for-stm32.11.3.rel1.win32_1.1.100.202309141235/tools/bin/../lib/gcc/arm-none-eabi/11.3.1/thumb/v7e-m+fp/hard/crtbegin.o
 *(.bss*)
 .bss.hadc1     0x0000000020000118       0x48 ./Core/Src/main.o
                0x0000000020000118                hadc1
 .bss.hdma_adc1
                0x0000000020000160       0x60 ./Core/Src/main.o
                0x0000000020000160                hdma_adc1
 .bss.htim2     0x00000000200001c0       0x48 ./Core/Src/main.o
                0x00000000200001c0                htim2
 .bss.htim3     0x0000000020000208       0x48 ./Core/Src/main.o
                0x0000000020000208                htim3
 .bss.htim4     0x0000000020000250       0x48 ./Core/Src/main.o
                0x0000000020000250                htim4
 .bss.htim5     0x0000000020000298       0x48 ./Core/Src/main.o
                0x0000000020000298                htim5
 .bss.huart1    0x00000000200002e0       0x48 ./Core/Src/main.o
                0x00000000200002e0                huart1
 .bss.CCDPixelBuffer
                0x0000000020000328     0x39b8 ./Core/Src/main.o
                0x0000000020000328                CCDPixelBuffer
 .bss.Rx_dataChar
                0x0000000020003ce0       0x14 ./Core/Src/main.o
                0x0000000020003ce0                Rx_dataChar
 .bss.sendCCDDataFlag
                0x0000000020003cf4        0x4 ./Core/Src/main.o
                0x0000000020003cf4                sendCCDDataFlag
 .bss.recieveIntegrationTime
                0x0000000020003cf8        0x4 ./Core/Src/main.o
                0x0000000020003cf8                recieveIntegrationTime
 .bss.recieveIntegrationTimeFlag
                0x0000000020003cfc        0x4 ./Core/Src/main.o
                0x0000000020003cfc                recieveIntegrationTimeFlag
 .bss.uwTick    0x0000000020003d00        0x4 ./Drivers/STM32F4xx_HAL_Driver/Src/stm32f4xx_hal.o
                0x0000000020003d00                uwTick
 .bss.cfgidx.0  0x0000000020003d04        0x1 ./Middlewares/ST/STM32_USB_Device_Library/Core/Src/usbd_ctlreq.o
 *fill*         0x0000000020003d05        0x3 
 .bss.hUsbDeviceFS
                0x0000000020003d08      0x2dc ./USB_DEVICE/App/usb_device.o
                0x0000000020003d08                hUsbDeviceFS
 .bss.UserRxBufferFS
                0x0000000020003fe4      0x400 ./USB_DEVICE/App/usbd_cdc_if.o
                0x0000000020003fe4                UserRxBufferFS
 .bss.UserTxBufferFS
                0x00000000200043e4      0x400 ./USB_DEVICE/App/usbd_cdc_if.o
                0x00000000200043e4                UserTxBufferFS
 .bss.USBD_StrDesc
                0x00000000200047e4      0x200 ./USB_DEVICE/App/usbd_desc.o
                0x00000000200047e4                USBD_StrDesc
 .bss.hpcd_USB_OTG_FS
                0x00000000200049e4      0x4e4 ./USB_DEVICE/Target/usbd_conf.o
                0x00000000200049e4                hpcd_USB_OTG_FS
 .bss.mem.0     0x0000000020004ec8      0x220 ./USB_DEVICE/Target/usbd_conf.o
 *(COMMON)
                0x00000000200050e8                . = ALIGN (0x4)
                0x00000000200050e8                _ebss = .
                0x00000000200050e8                __bss_end__ = _ebss

._user_heap_stack
                0x00000000200050e8      0x600 load address 0x000000000800aa10
                0x00000000200050e8                . = ALIGN (0x8)
                [!provide]                        PROVIDE (end = .)
                0x00000000200050e8                PROVIDE (_end = .)
                0x00000000200052e8                . = (. + _Min_Heap_Size)
 *fill*         0x00000000200050e8      0x200 
                0x00000000200056e8                . = (. + _Min_Stack_Size)
 *fill*         0x00000000200052e8      0x400 
                0x00000000200056e8                . = ALIGN (0x8)

/DISCARD/
 libc.a(*)
 libm.a(*)
 libgcc.a(*)

.ARM.attributes
                0x0000000000000000       0x30
 *(.ARM.attributes)
 .ARM.attributes
                0x0000000000000000       0x1e C:/ST/STM32CubeIDE_1.14.1/STM32CubeIDE/plugins/com.st.stm32cube.ide.mcu.externaltools.gnu-tools-for-stm32.11.3.rel1.win32_1.1.100.202309141235/tools/bin/../lib/gcc/arm-none-eabi/11.3.1/thumb/v7e-m+fp/hard/crti.o
 .ARM.attributes
                0x000000000000001e       0x34 C:/ST/STM32CubeIDE_1.14.1/STM32CubeIDE/plugins/com.st.stm32cube.ide.mcu.externaltools.gnu-tools-for-stm32.11.3.rel1.win32_1.1.100.202309141235/tools/bin/../lib/gcc/arm-none-eabi/11.3.1/thumb/v7e-m+fp/hard/crtbegin.o
 .ARM.attributes
                0x0000000000000052       0x34 ./Core/Src/main.o
 .ARM.attributes
                0x0000000000000086       0x34 ./Core/Src/stm32f4xx_hal_msp.o
 .ARM.attributes
                0x00000000000000ba       0x34 ./Core/Src/stm32f4xx_it.o
 .ARM.attributes
                0x00000000000000ee       0x34 ./Core/Src/system_stm32f4xx.o
 .ARM.attributes
                0x0000000000000122       0x21 ./Core/Startup/startup_stm32f401ccux.o
 .ARM.attributes
                0x0000000000000143       0x34 ./Drivers/STM32F4xx_HAL_Driver/Src/stm32f4xx_hal.o
 .ARM.attributes
                0x0000000000000177       0x34 ./Drivers/STM32F4xx_HAL_Driver/Src/stm32f4xx_hal_adc.o
 .ARM.attributes
                0x00000000000001ab       0x34 ./Drivers/STM32F4xx_HAL_Driver/Src/stm32f4xx_hal_cortex.o
 .ARM.attributes
                0x00000000000001df       0x34 ./Drivers/STM32F4xx_HAL_Driver/Src/stm32f4xx_hal_dma.o
 .ARM.attributes
                0x0000000000000213       0x34 ./Drivers/STM32F4xx_HAL_Driver/Src/stm32f4xx_hal_gpio.o
 .ARM.attributes
                0x0000000000000247       0x34 ./Drivers/STM32F4xx_HAL_Driver/Src/stm32f4xx_hal_pcd.o
 .ARM.attributes
                0x000000000000027b       0x34 ./Drivers/STM32F4xx_HAL_Driver/Src/stm32f4xx_hal_pcd_ex.o
 .ARM.attributes
                0x00000000000002af       0x34 ./Drivers/STM32F4xx_HAL_Driver/Src/stm32f4xx_hal_rcc.o
 .ARM.attributes
                0x00000000000002e3       0x34 ./Drivers/STM32F4xx_HAL_Driver/Src/stm32f4xx_hal_tim.o
 .ARM.attributes
                0x0000000000000317       0x34 ./Drivers/STM32F4xx_HAL_Driver/Src/stm32f4xx_hal_tim_ex.o
 .ARM.attributes
                0x000000000000034b       0x34 ./Drivers/STM32F4xx_HAL_Driver/Src/stm32f4xx_hal_uart.o
 .ARM.attributes
                0x000000000000037f       0x34 ./Drivers/STM32F4xx_HAL_Driver/Src/stm32f4xx_ll_usb.o
 .ARM.attributes
                0x00000000000003b3       0x34 ./Middlewares/ST/STM32_USB_Device_Library/Class/CDC/Src/usbd_cdc.o
 .ARM.attributes
                0x00000000000003e7       0x34 ./Middlewares/ST/STM32_USB_Device_Library/Core/Src/usbd_core.o
 .ARM.attributes
                0x000000000000041b       0x34 ./Middlewares/ST/STM32_USB_Device_Library/Core/Src/usbd_ctlreq.o
 .ARM.attributes
                0x000000000000044f       0x34 ./Middlewares/ST/STM32_USB_Device_Library/Core/Src/usbd_ioreq.o
 .ARM.attributes
                0x0000000000000483       0x34 ./USB_DEVICE/App/usb_device.o
 .ARM.attributes
                0x00000000000004b7       0x34 ./USB_DEVICE/App/usbd_cdc_if.o
 .ARM.attributes
                0x00000000000004eb       0x34 ./USB_DEVICE/App/usbd_desc.o
 .ARM.attributes
                0x000000000000051f       0x34 ./USB_DEVICE/Target/usbd_conf.o
 .ARM.attributes
                0x0000000000000553       0x34 C:/ST/STM32CubeIDE_1.14.1/STM32CubeIDE/plugins/com.st.stm32cube.ide.mcu.externaltools.gnu-tools-for-stm32.11.3.rel1.win32_1.1.100.202309141235/tools/bin/../lib/gcc/arm-none-eabi/11.3.1/../../../../arm-none-eabi/lib/thumb/v7e-m+fp/hard\libc_nano.a(libc_a-memset.o)
 .ARM.attributes
                0x0000000000000587       0x34 C:/ST/STM32CubeIDE_1.14.1/STM32CubeIDE/plugins/com.st.stm32cube.ide.mcu.externaltools.gnu-tools-for-stm32.11.3.rel1.win32_1.1.100.202309141235/tools/bin/../lib/gcc/arm-none-eabi/11.3.1/../../../../arm-none-eabi/lib/thumb/v7e-m+fp/hard\libc_nano.a(libc_a-init.o)
 .ARM.attributes
                0x00000000000005bb       0x1e C:/ST/STM32CubeIDE_1.14.1/STM32CubeIDE/plugins/com.st.stm32cube.ide.mcu.externaltools.gnu-tools-for-stm32.11.3.rel1.win32_1.1.100.202309141235/tools/bin/../lib/gcc/arm-none-eabi/11.3.1/thumb/v7e-m+fp/hard\libgcc.a(_aeabi_uldivmod.o)
 .ARM.attributes
                0x00000000000005d9       0x34 C:/ST/STM32CubeIDE_1.14.1/STM32CubeIDE/plugins/com.st.stm32cube.ide.mcu.externaltools.gnu-tools-for-stm32.11.3.rel1.win32_1.1.100.202309141235/tools/bin/../lib/gcc/arm-none-eabi/11.3.1/thumb/v7e-m+fp/hard\libgcc.a(_udivmoddi4.o)
 .ARM.attributes
                0x000000000000060d       0x1e C:/ST/STM32CubeIDE_1.14.1/STM32CubeIDE/plugins/com.st.stm32cube.ide.mcu.externaltools.gnu-tools-for-stm32.11.3.rel1.win32_1.1.100.202309141235/tools/bin/../lib/gcc/arm-none-eabi/11.3.1/thumb/v7e-m+fp/hard\libgcc.a(_dvmd_tls.o)
 .ARM.attributes
                0x000000000000062b       0x1e C:/ST/STM32CubeIDE_1.14.1/STM32CubeIDE/plugins/com.st.stm32cube.ide.mcu.externaltools.gnu-tools-for-stm32.11.3.rel1.win32_1.1.100.202309141235/tools/bin/../lib/gcc/arm-none-eabi/11.3.1/thumb/v7e-m+fp/hard/crtn.o
OUTPUT(CCD Mini.elf elf32-littlearm)
LOAD linker stubs
LOAD C:/ST/STM32CubeIDE_1.14.1/STM32CubeIDE/plugins/com.st.stm32cube.ide.mcu.externaltools.gnu-tools-for-stm32.11.3.rel1.win32_1.1.100.202309141235/tools/bin/../lib/gcc/arm-none-eabi/11.3.1/../../../../arm-none-eabi/lib/thumb/v7e-m+fp/hard\libc.a
LOAD C:/ST/STM32CubeIDE_1.14.1/STM32CubeIDE/plugins/com.st.stm32cube.ide.mcu.externaltools.gnu-tools-for-stm32.11.3.rel1.win32_1.1.100.202309141235/tools/bin/../lib/gcc/arm-none-eabi/11.3.1/../../../../arm-none-eabi/lib/thumb/v7e-m+fp/hard\libm.a
LOAD C:/ST/STM32CubeIDE_1.14.1/STM32CubeIDE/plugins/com.st.stm32cube.ide.mcu.externaltools.gnu-tools-for-stm32.11.3.rel1.win32_1.1.100.202309141235/tools/bin/../lib/gcc/arm-none-eabi/11.3.1/thumb/v7e-m+fp/hard\libgcc.a

.comment        0x0000000000000000       0x43
 .comment       0x0000000000000000       0x43 C:/ST/STM32CubeIDE_1.14.1/STM32CubeIDE/plugins/com.st.stm32cube.ide.mcu.externaltools.gnu-tools-for-stm32.11.3.rel1.win32_1.1.100.202309141235/tools/bin/../lib/gcc/arm-none-eabi/11.3.1/thumb/v7e-m+fp/hard/crtbegin.o
                                         0x44 (size before relaxing)
 .comment       0x0000000000000043       0x44 ./Core/Src/main.o
 .comment       0x0000000000000043       0x44 ./Core/Src/stm32f4xx_hal_msp.o
 .comment       0x0000000000000043       0x44 ./Core/Src/stm32f4xx_it.o
 .comment       0x0000000000000043       0x44 ./Core/Src/system_stm32f4xx.o
 .comment       0x0000000000000043       0x44 ./Drivers/STM32F4xx_HAL_Driver/Src/stm32f4xx_hal.o
 .comment       0x0000000000000043       0x44 ./Drivers/STM32F4xx_HAL_Driver/Src/stm32f4xx_hal_adc.o
 .comment       0x0000000000000043       0x44 ./Drivers/STM32F4xx_HAL_Driver/Src/stm32f4xx_hal_cortex.o
 .comment       0x0000000000000043       0x44 ./Drivers/STM32F4xx_HAL_Driver/Src/stm32f4xx_hal_dma.o
 .comment       0x0000000000000043       0x44 ./Drivers/STM32F4xx_HAL_Driver/Src/stm32f4xx_hal_gpio.o
 .comment       0x0000000000000043       0x44 ./Drivers/STM32F4xx_HAL_Driver/Src/stm32f4xx_hal_pcd.o
 .comment       0x0000000000000043       0x44 ./Drivers/STM32F4xx_HAL_Driver/Src/stm32f4xx_hal_pcd_ex.o
 .comment       0x0000000000000043       0x44 ./Drivers/STM32F4xx_HAL_Driver/Src/stm32f4xx_hal_rcc.o
 .comment       0x0000000000000043       0x44 ./Drivers/STM32F4xx_HAL_Driver/Src/stm32f4xx_hal_tim.o
 .comment       0x0000000000000043       0x44 ./Drivers/STM32F4xx_HAL_Driver/Src/stm32f4xx_hal_tim_ex.o
 .comment       0x0000000000000043       0x44 ./Drivers/STM32F4xx_HAL_Driver/Src/stm32f4xx_hal_uart.o
 .comment       0x0000000000000043       0x44 ./Drivers/STM32F4xx_HAL_Driver/Src/stm32f4xx_ll_usb.o
 .comment       0x0000000000000043       0x44 ./Middlewares/ST/STM32_USB_Device_Library/Class/CDC/Src/usbd_cdc.o
 .comment       0x0000000000000043       0x44 ./Middlewares/ST/STM32_USB_Device_Library/Core/Src/usbd_core.o
 .comment       0x0000000000000043       0x44 ./Middlewares/ST/STM32_USB_Device_Library/Core/Src/usbd_ctlreq.o
 .comment       0x0000000000000043       0x44 ./Middlewares/ST/STM32_USB_Device_Library/Core/Src/usbd_ioreq.o
 .comment       0x0000000000000043       0x44 ./USB_DEVICE/App/usb_device.o
 .comment       0x0000000000000043       0x44 ./USB_DEVICE/App/usbd_cdc_if.o
 .comment       0x0000000000000043       0x44 ./USB_DEVICE/App/usbd_desc.o
 .comment       0x0000000000000043       0x44 ./USB_DEVICE/Target/usbd_conf.o

.debug_info     0x0000000000000000    0x17f27
 .debug_info    0x0000000000000000     0x19bf ./Core/Src/main.o
 .debug_info    0x00000000000019bf     0x12fb ./Core/Src/stm32f4xx_hal_msp.o
 .debug_info    0x0000000000002cba      0xb0c ./Core/Src/stm32f4xx_it.o
 .debug_info    0x00000000000037c6      0x53e ./Core/Src/system_stm32f4xx.o
 .debug_info    0x0000000000003d04       0x23 ./Core/Startup/startup_stm32f401ccux.o
 .debug_info    0x0000000000003d27      0x8bb ./Drivers/STM32F4xx_HAL_Driver/Src/stm32f4xx_hal.o
 .debug_info    0x00000000000045e2      0xcd1 ./Drivers/STM32F4xx_HAL_Driver/Src/stm32f4xx_hal_adc.o
 .debug_info    0x00000000000052b3      0xcc1 ./Drivers/STM32F4xx_HAL_Driver/Src/stm32f4xx_hal_cortex.o
 .debug_info    0x0000000000005f74      0x8e6 ./Drivers/STM32F4xx_HAL_Driver/Src/stm32f4xx_hal_dma.o
 .debug_info    0x000000000000685a      0x6f9 ./Drivers/STM32F4xx_HAL_Driver/Src/stm32f4xx_hal_gpio.o
 .debug_info    0x0000000000006f53     0x1577 ./Drivers/STM32F4xx_HAL_Driver/Src/stm32f4xx_hal_pcd.o
 .debug_info    0x00000000000084ca      0x6ea ./Drivers/STM32F4xx_HAL_Driver/Src/stm32f4xx_hal_pcd_ex.o
 .debug_info    0x0000000000008bb4      0x8f3 ./Drivers/STM32F4xx_HAL_Driver/Src/stm32f4xx_hal_rcc.o
 .debug_info    0x00000000000094a7     0x2996 ./Drivers/STM32F4xx_HAL_Driver/Src/stm32f4xx_hal_tim.o
 .debug_info    0x000000000000be3d     0x14d4 ./Drivers/STM32F4xx_HAL_Driver/Src/stm32f4xx_hal_tim_ex.o
 .debug_info    0x000000000000d311     0x2f56 ./Drivers/STM32F4xx_HAL_Driver/Src/stm32f4xx_hal_uart.o
 .debug_info    0x0000000000010267     0x1993 ./Drivers/STM32F4xx_HAL_Driver/Src/stm32f4xx_ll_usb.o
 .debug_info    0x0000000000011bfa     0x12a3 ./Middlewares/ST/STM32_USB_Device_Library/Class/CDC/Src/usbd_cdc.o
 .debug_info    0x0000000000012e9d      0xe05 ./Middlewares/ST/STM32_USB_Device_Library/Core/Src/usbd_core.o
 .debug_info    0x0000000000013ca2      0xade ./Middlewares/ST/STM32_USB_Device_Library/Core/Src/usbd_ctlreq.o
 .debug_info    0x0000000000014780      0x755 ./Middlewares/ST/STM32_USB_Device_Library/Core/Src/usbd_ioreq.o
 .debug_info    0x0000000000014ed5      0x701 ./USB_DEVICE/App/usb_device.o
 .debug_info    0x00000000000155d6      0x8fa ./USB_DEVICE/App/usbd_cdc_if.o
 .debug_info    0x0000000000015ed0      0x458 ./USB_DEVICE/App/usbd_desc.o
 .debug_info    0x0000000000016328     0x1bff ./USB_DEVICE/Target/usbd_conf.o

.debug_abbrev   0x0000000000000000     0x3969
 .debug_abbrev  0x0000000000000000      0x37e ./Core/Src/main.o
 .debug_abbrev  0x000000000000037e      0x294 ./Core/Src/stm32f4xx_hal_msp.o
 .debug_abbrev  0x0000000000000612      0x1d9 ./Core/Src/stm32f4xx_it.o
 .debug_abbrev  0x00000000000007eb      0x11a ./Core/Src/system_stm32f4xx.o
 .debug_abbrev  0x0000000000000905       0x12 ./Core/Startup/startup_stm32f401ccux.o
 .debug_abbrev  0x0000000000000917      0x24b ./Drivers/STM32F4xx_HAL_Driver/Src/stm32f4xx_hal.o
 .debug_abbrev  0x0000000000000b62      0x20e ./Drivers/STM32F4xx_HAL_Driver/Src/stm32f4xx_hal_adc.o
 .debug_abbrev  0x0000000000000d70      0x328 ./Drivers/STM32F4xx_HAL_Driver/Src/stm32f4xx_hal_cortex.o
 .debug_abbrev  0x0000000000001098      0x221 ./Drivers/STM32F4xx_HAL_Driver/Src/stm32f4xx_hal_dma.o
 .debug_abbrev  0x00000000000012b9      0x1d3 ./Drivers/STM32F4xx_HAL_Driver/Src/stm32f4xx_hal_gpio.o
 .debug_abbrev  0x000000000000148c      0x2b6 ./Drivers/STM32F4xx_HAL_Driver/Src/stm32f4xx_hal_pcd.o
 .debug_abbrev  0x0000000000001742      0x1da ./Drivers/STM32F4xx_HAL_Driver/Src/stm32f4xx_hal_pcd_ex.o
 .debug_abbrev  0x000000000000191c      0x2b5 ./Drivers/STM32F4xx_HAL_Driver/Src/stm32f4xx_hal_rcc.o
 .debug_abbrev  0x0000000000001bd1      0x28b ./Drivers/STM32F4xx_HAL_Driver/Src/stm32f4xx_hal_tim.o
 .debug_abbrev  0x0000000000001e5c      0x296 ./Drivers/STM32F4xx_HAL_Driver/Src/stm32f4xx_hal_tim_ex.o
 .debug_abbrev  0x00000000000020f2      0x31b ./Drivers/STM32F4xx_HAL_Driver/Src/stm32f4xx_hal_uart.o
 .debug_abbrev  0x000000000000240d      0x2b3 ./Drivers/STM32F4xx_HAL_Driver/Src/stm32f4xx_ll_usb.o
 .debug_abbrev  0x00000000000026c0      0x2d2 ./Middlewares/ST/STM32_USB_Device_Library/Class/CDC/Src/usbd_cdc.o
 .debug_abbrev  0x0000000000002992      0x27c ./Middlewares/ST/STM32_USB_Device_Library/Core/Src/usbd_core.o
 .debug_abbrev  0x0000000000002c0e      0x26f ./Middlewares/ST/STM32_USB_Device_Library/Core/Src/usbd_ctlreq.o
 .debug_abbrev  0x0000000000002e7d      0x19a ./Middlewares/ST/STM32_USB_Device_Library/Core/Src/usbd_ioreq.o
 .debug_abbrev  0x0000000000003017      0x195 ./USB_DEVICE/App/usb_device.o
 .debug_abbrev  0x00000000000031ac      0x29d ./USB_DEVICE/App/usbd_cdc_if.o
 .debug_abbrev  0x0000000000003449      0x1e1 ./USB_DEVICE/App/usbd_desc.o
 .debug_abbrev  0x000000000000362a      0x33f ./USB_DEVICE/Target/usbd_conf.o

.debug_aranges  0x0000000000000000     0x14b0
 .debug_aranges
                0x0000000000000000       0xa8 ./Core/Src/main.o
 .debug_aranges
                0x00000000000000a8       0x58 ./Core/Src/stm32f4xx_hal_msp.o
 .debug_aranges
                0x0000000000000100       0x78 ./Core/Src/stm32f4xx_it.o
 .debug_aranges
                0x0000000000000178       0x28 ./Core/Src/system_stm32f4xx.o
 .debug_aranges
                0x00000000000001a0       0x28 ./Core/Startup/startup_stm32f401ccux.o
 .debug_aranges
                0x00000000000001c8       0xf0 ./Drivers/STM32F4xx_HAL_Driver/Src/stm32f4xx_hal.o
 .debug_aranges
                0x00000000000002b8       0xe8 ./Drivers/STM32F4xx_HAL_Driver/Src/stm32f4xx_hal_adc.o
 .debug_aranges
                0x00000000000003a0      0x120 ./Drivers/STM32F4xx_HAL_Driver/Src/stm32f4xx_hal_cortex.o
 .debug_aranges
                0x00000000000004c0       0x90 ./Drivers/STM32F4xx_HAL_Driver/Src/stm32f4xx_hal_dma.o
 .debug_aranges
                0x0000000000000550       0x58 ./Drivers/STM32F4xx_HAL_Driver/Src/stm32f4xx_hal_gpio.o
 .debug_aranges
                0x00000000000005a8      0x148 ./Drivers/STM32F4xx_HAL_Driver/Src/stm32f4xx_hal_pcd.o
 .debug_aranges
                0x00000000000006f0       0x38 ./Drivers/STM32F4xx_HAL_Driver/Src/stm32f4xx_hal_pcd_ex.o
 .debug_aranges
                0x0000000000000728       0x88 ./Drivers/STM32F4xx_HAL_Driver/Src/stm32f4xx_hal_rcc.o
 .debug_aranges
                0x00000000000007b0      0x3d0 ./Drivers/STM32F4xx_HAL_Driver/Src/stm32f4xx_hal_tim.o
 .debug_aranges
                0x0000000000000b80      0x168 ./Drivers/STM32F4xx_HAL_Driver/Src/stm32f4xx_hal_tim_ex.o
 .debug_aranges
                0x0000000000000ce8      0x208 ./Drivers/STM32F4xx_HAL_Driver/Src/stm32f4xx_hal_uart.o
 .debug_aranges
                0x0000000000000ef0      0x1a0 ./Drivers/STM32F4xx_HAL_Driver/Src/stm32f4xx_ll_usb.o
 .debug_aranges
                0x0000000000001090       0x90 ./Middlewares/ST/STM32_USB_Device_Library/Class/CDC/Src/usbd_cdc.o
 .debug_aranges
                0x0000000000001120       0xd8 ./Middlewares/ST/STM32_USB_Device_Library/Core/Src/usbd_core.o
 .debug_aranges
                0x00000000000011f8       0x90 ./Middlewares/ST/STM32_USB_Device_Library/Core/Src/usbd_ctlreq.o
 .debug_aranges
                0x0000000000001288       0x50 ./Middlewares/ST/STM32_USB_Device_Library/Core/Src/usbd_ioreq.o
 .debug_aranges
                0x00000000000012d8       0x20 ./USB_DEVICE/App/usb_device.o
 .debug_aranges
                0x00000000000012f8       0x48 ./USB_DEVICE/App/usbd_cdc_if.o
 .debug_aranges
                0x0000000000001340       0x60 ./USB_DEVICE/App/usbd_desc.o
 .debug_aranges
                0x00000000000013a0      0x110 ./USB_DEVICE/Target/usbd_conf.o

.debug_rnglists
                0x0000000000000000      0xffe
 .debug_rnglists
                0x0000000000000000       0x82 ./Core/Src/main.o
 .debug_rnglists
                0x0000000000000082       0x42 ./Core/Src/stm32f4xx_hal_msp.o
 .debug_rnglists
                0x00000000000000c4       0x55 ./Core/Src/stm32f4xx_it.o
 .debug_rnglists
                0x0000000000000119       0x1a ./Core/Src/system_stm32f4xx.o
 .debug_rnglists
                0x0000000000000133       0x19 ./Core/Startup/startup_stm32f401ccux.o
 .debug_rnglists
                0x000000000000014c       0xaf ./Drivers/STM32F4xx_HAL_Driver/Src/stm32f4xx_hal.o
 .debug_rnglists
                0x00000000000001fb       0xb5 ./Drivers/STM32F4xx_HAL_Driver/Src/stm32f4xx_hal_adc.o
 .debug_rnglists
                0x00000000000002b0       0xd4 ./Drivers/STM32F4xx_HAL_Driver/Src/stm32f4xx_hal_cortex.o
 .debug_rnglists
                0x0000000000000384       0x70 ./Drivers/STM32F4xx_HAL_Driver/Src/stm32f4xx_hal_dma.o
 .debug_rnglists
                0x00000000000003f4       0x3f ./Drivers/STM32F4xx_HAL_Driver/Src/stm32f4xx_hal_gpio.o
 .debug_rnglists
                0x0000000000000433       0xfa ./Drivers/STM32F4xx_HAL_Driver/Src/stm32f4xx_hal_pcd.o
 .debug_rnglists
                0x000000000000052d       0x26 ./Drivers/STM32F4xx_HAL_Driver/Src/stm32f4xx_hal_pcd_ex.o
 .debug_rnglists
                0x0000000000000553       0x66 ./Drivers/STM32F4xx_HAL_Driver/Src/stm32f4xx_hal_rcc.o
 .debug_rnglists
                0x00000000000005b9      0x31a ./Drivers/STM32F4xx_HAL_Driver/Src/stm32f4xx_hal_tim.o
 .debug_rnglists
                0x00000000000008d3      0x125 ./Drivers/STM32F4xx_HAL_Driver/Src/stm32f4xx_hal_tim_ex.o
 .debug_rnglists
                0x00000000000009f8      0x1bc ./Drivers/STM32F4xx_HAL_Driver/Src/stm32f4xx_hal_uart.o
 .debug_rnglists
                0x0000000000000bb4      0x147 ./Drivers/STM32F4xx_HAL_Driver/Src/stm32f4xx_ll_usb.o
 .debug_rnglists
                0x0000000000000cfb       0x6c ./Middlewares/ST/STM32_USB_Device_Library/Class/CDC/Src/usbd_cdc.o
 .debug_rnglists
                0x0000000000000d67       0xa1 ./Middlewares/ST/STM32_USB_Device_Library/Core/Src/usbd_core.o
 .debug_rnglists
                0x0000000000000e08       0x6e ./Middlewares/ST/STM32_USB_Device_Library/Core/Src/usbd_ctlreq.o
 .debug_rnglists
                0x0000000000000e76       0x37 ./Middlewares/ST/STM32_USB_Device_Library/Core/Src/usbd_ioreq.o
 .debug_rnglists
                0x0000000000000ead       0x13 ./USB_DEVICE/App/usb_device.o
 .debug_rnglists
                0x0000000000000ec0       0x32 ./USB_DEVICE/App/usbd_cdc_if.o
 .debug_rnglists
                0x0000000000000ef2       0x43 ./USB_DEVICE/App/usbd_desc.o
 .debug_rnglists
                0x0000000000000f35       0xc9 ./USB_DEVICE/Target/usbd_conf.o

.debug_macro    0x0000000000000000    0x1a65b
 .debug_macro   0x0000000000000000      0x3dd ./Core/Src/main.o
 .debug_macro   0x00000000000003dd      0xaa8 ./Core/Src/main.o
 .debug_macro   0x0000000000000e85      0x2a7 ./Core/Src/main.o
 .debug_macro   0x000000000000112c       0x2e ./Core/Src/main.o
 .debug_macro   0x000000000000115a       0x28 ./Core/Src/main.o
 .debug_macro   0x0000000000001182       0x22 ./Core/Src/main.o
 .debug_macro   0x00000000000011a4       0x8e ./Core/Src/main.o
 .debug_macro   0x0000000000001232       0x51 ./Core/Src/main.o
 .debug_macro   0x0000000000001283      0x103 ./Core/Src/main.o
 .debug_macro   0x0000000000001386       0x6a ./Core/Src/main.o
 .debug_macro   0x00000000000013f0      0x1df ./Core/Src/main.o
 .debug_macro   0x00000000000015cf       0x1c ./Core/Src/main.o
 .debug_macro   0x00000000000015eb       0x22 ./Core/Src/main.o
 .debug_macro   0x000000000000160d       0xfb ./Core/Src/main.o
 .debug_macro   0x0000000000001708     0x1011 ./Core/Src/main.o
 .debug_macro   0x0000000000002719      0x11f ./Core/Src/main.o
 .debug_macro   0x0000000000002838     0xb86c ./Core/Src/main.o
 .debug_macro   0x000000000000e0a4       0x6d ./Core/Src/main.o
 .debug_macro   0x000000000000e111     0x368c ./Core/Src/main.o
 .debug_macro   0x000000000001179d      0x174 ./Core/Src/main.o
 .debug_macro   0x0000000000011911       0x5c ./Core/Src/main.o
 .debug_macro   0x000000000001196d      0x416 ./Core/Src/main.o
 .debug_macro   0x0000000000011d83      0x9e9 ./Core/Src/main.o
 .debug_macro   0x000000000001276c      0x115 ./Core/Src/main.o
 .debug_macro   0x0000000000012881       0xf8 ./Core/Src/main.o
 .debug_macro   0x0000000000012979       0xa5 ./Core/Src/main.o
 .debug_macro   0x0000000000012a1e      0x15f ./Core/Src/main.o
 .debug_macro   0x0000000000012b7d      0x287 ./Core/Src/main.o
 .debug_macro   0x0000000000012e04       0x5f ./Core/Src/main.o
 .debug_macro   0x0000000000012e63      0x236 ./Core/Src/main.o
 .debug_macro   0x0000000000013099      0x9e1 ./Core/Src/main.o
 .debug_macro   0x0000000000013a7a      0x38b ./Core/Src/main.o
 .debug_macro   0x0000000000013e05      0x176 ./Core/Src/main.o
 .debug_macro   0x0000000000013f7b       0xf9 ./Core/Src/main.o
 .debug_macro   0x0000000000014074      0x132 ./Core/Src/main.o
 .debug_macro   0x00000000000141a6      0x23a ./Core/Src/main.o
 .debug_macro   0x00000000000143e0       0x2e ./Core/Src/main.o
 .debug_macro   0x000000000001440e      0x127 ./Core/Src/main.o
 .debug_macro   0x0000000000014535       0x85 ./Core/Src/main.o
 .debug_macro   0x00000000000145ba       0x89 ./Core/Src/main.o
 .debug_macro   0x0000000000014643      0x8ed ./Core/Src/main.o
 .debug_macro   0x0000000000014f30       0x47 ./Core/Src/main.o
 .debug_macro   0x0000000000014f77      0x2aa ./Core/Src/main.o
 .debug_macro   0x0000000000015221      0x293 ./Core/Src/main.o
 .debug_macro   0x00000000000154b4       0xba ./Core/Src/main.o
 .debug_macro   0x000000000001556e      0x126 ./Core/Src/main.o
 .debug_macro   0x0000000000015694       0x28 ./Core/Src/main.o
 .debug_macro   0x00000000000156bc       0x61 ./Core/Src/main.o
 .debug_macro   0x000000000001571d       0x2a ./Core/Src/main.o
 .debug_macro   0x0000000000015747       0x43 ./Core/Src/main.o
 .debug_macro   0x000000000001578a       0x34 ./Core/Src/main.o
 .debug_macro   0x00000000000157be       0x16 ./Core/Src/main.o
 .debug_macro   0x00000000000157d4       0x35 ./Core/Src/main.o
 .debug_macro   0x0000000000015809      0x369 ./Core/Src/main.o
 .debug_macro   0x0000000000015b72       0x10 ./Core/Src/main.o
 .debug_macro   0x0000000000015b82       0x16 ./Core/Src/main.o
 .debug_macro   0x0000000000015b98       0x43 ./Core/Src/main.o
 .debug_macro   0x0000000000015bdb       0x34 ./Core/Src/main.o
 .debug_macro   0x0000000000015c0f       0x10 ./Core/Src/main.o